Archive member included to satisfy reference by file (symbol)

D:\20231\TTKT-Lumi\SDK_1.0.3_NUCLEO-F401RE\lib_stm\libLibraries.a(system_stm32f4xx.o)
                              ./Src/main.o (SystemCoreClockUpdate)
D:\20231\TTKT-Lumi\SDK_1.0.3_NUCLEO-F401RE\lib_stm\libLibraries.a(misc.o)
                              ./Src/main.o (NVIC_Init)
D:\20231\TTKT-Lumi\SDK_1.0.3_NUCLEO-F401RE\lib_stm\libLibraries.a(stm32f401re_exti.o)
                              ./Src/main.o (EXTI_Init)
D:\20231\TTKT-Lumi\SDK_1.0.3_NUCLEO-F401RE\lib_stm\libLibraries.a(stm32f401re_gpio.o)
                              ./Src/main.o (GPIO_Init)
D:\20231\TTKT-Lumi\SDK_1.0.3_NUCLEO-F401RE\lib_stm\libLibraries.a(stm32f401re_rcc.o)
                              ./Src/main.o (RCC_AHB1PeriphClockCmd)
D:\20231\TTKT-Lumi\SDK_1.0.3_NUCLEO-F401RE\lib_stm\libLibraries.a(stm32f401re_syscfg.o)
                              ./Src/main.o (SYSCFG_EXTILineConfig)
D:\20231\TTKT-Lumi\SDK_1.0.3_NUCLEO-F401RE\lib_stm\libLibraries.a(timer.o)
                              ./Src/main.o (TimerInit)
D:\20231\TTKT-Lumi\SDK_1.0.3_NUCLEO-F401RE\lib_stm\libLibraries.a(lightsensor.o)
                              ./Src/main.o (LightSensor_Init)
D:\20231\TTKT-Lumi\SDK_1.0.3_NUCLEO-F401RE\lib_stm\libLibraries.a(serial.o)
                              D:\20231\TTKT-Lumi\SDK_1.0.3_NUCLEO-F401RE\lib_stm\libLibraries.a(lightsensor.o) (Serial_SendPacket)
D:\20231\TTKT-Lumi\SDK_1.0.3_NUCLEO-F401RE\lib_stm\libLibraries.a(Ucglib.o)
                              ./Src/main.o (Ucglib4WireSWSPI_begin)
D:\20231\TTKT-Lumi\SDK_1.0.3_NUCLEO-F401RE\lib_stm\libLibraries.a(ucg_box.o)
                              ./Src/main.o (ucg_DrawBox)
D:\20231\TTKT-Lumi\SDK_1.0.3_NUCLEO-F401RE\lib_stm\libLibraries.a(ucg_ccs.o)
                              D:\20231\TTKT-Lumi\SDK_1.0.3_NUCLEO-F401RE\lib_stm\libLibraries.a(ucg_box.o) (ucg_ccs_init)
D:\20231\TTKT-Lumi\SDK_1.0.3_NUCLEO-F401RE\lib_stm\libLibraries.a(ucg_circle.o)
                              D:\20231\TTKT-Lumi\SDK_1.0.3_NUCLEO-F401RE\lib_stm\libLibraries.a(ucg_box.o) (ucg_DrawCircle)
D:\20231\TTKT-Lumi\SDK_1.0.3_NUCLEO-F401RE\lib_stm\libLibraries.a(ucg_dev_default_cb.o)
                              D:\20231\TTKT-Lumi\SDK_1.0.3_NUCLEO-F401RE\lib_stm\libLibraries.a(Ucglib.o) (ucg_dev_default_cb)
D:\20231\TTKT-Lumi\SDK_1.0.3_NUCLEO-F401RE\lib_stm\libLibraries.a(ucg_dev_ic_st7735.o)
                              D:\20231\TTKT-Lumi\SDK_1.0.3_NUCLEO-F401RE\lib_stm\libLibraries.a(Ucglib.o) (ucg_ext_st7735_18)
D:\20231\TTKT-Lumi\SDK_1.0.3_NUCLEO-F401RE\lib_stm\libLibraries.a(ucg_dev_msg_api.o)
                              D:\20231\TTKT-Lumi\SDK_1.0.3_NUCLEO-F401RE\lib_stm\libLibraries.a(ucg_box.o) (ucg_SetMaxClipRange)
D:\20231\TTKT-Lumi\SDK_1.0.3_NUCLEO-F401RE\lib_stm\libLibraries.a(ucg_dev_tft_128x128_st7735.o)
                              D:\20231\TTKT-Lumi\SDK_1.0.3_NUCLEO-F401RE\lib_stm\libLibraries.a(Ucglib.o) (ucg_dev_st7735_18x128x128)
D:\20231\TTKT-Lumi\SDK_1.0.3_NUCLEO-F401RE\lib_stm\libLibraries.a(ucg_font.o)
                              D:\20231\TTKT-Lumi\SDK_1.0.3_NUCLEO-F401RE\lib_stm\libLibraries.a(Ucglib.o) (ucg_SetFontMode)
D:\20231\TTKT-Lumi\SDK_1.0.3_NUCLEO-F401RE\lib_stm\libLibraries.a(ucg_init.o)
                              D:\20231\TTKT-Lumi\SDK_1.0.3_NUCLEO-F401RE\lib_stm\libLibraries.a(Ucglib.o) (ucg_Init)
D:\20231\TTKT-Lumi\SDK_1.0.3_NUCLEO-F401RE\lib_stm\libLibraries.a(ucg_line.o)
                              D:\20231\TTKT-Lumi\SDK_1.0.3_NUCLEO-F401RE\lib_stm\libLibraries.a(ucg_font.o) (ucg_Draw90Line)
D:\20231\TTKT-Lumi\SDK_1.0.3_NUCLEO-F401RE\lib_stm\libLibraries.a(ucg_pixel.o)
                              ./Src/main.o (ucg_SetColor)
D:\20231\TTKT-Lumi\SDK_1.0.3_NUCLEO-F401RE\lib_stm\libLibraries.a(ucg_pixel_font_data.o)
                              ./Src/main.o (ucg_font_ncenR08_hr)
D:\20231\TTKT-Lumi\SDK_1.0.3_NUCLEO-F401RE\lib_stm\libLibraries.a(ucg_rotate.o)
                              ./Src/main.o (ucg_SetRotate180)
D:\20231\TTKT-Lumi\SDK_1.0.3_NUCLEO-F401RE\lib_stm\libLibraries.a(buff.o)
                              D:\20231\TTKT-Lumi\SDK_1.0.3_NUCLEO-F401RE\lib_stm\libLibraries.a(serial.o) (bufInit)
D:\20231\TTKT-Lumi\SDK_1.0.3_NUCLEO-F401RE\lib_stm\libLibraries.a(utilities.o)
                              D:\20231\TTKT-Lumi\SDK_1.0.3_NUCLEO-F401RE\lib_stm\libLibraries.a(timer.o) (memsetl)
D:\20231\TTKT-Lumi\SDK_1.0.3_NUCLEO-F401RE\lib_stm\libLibraries.a(stm32f401re_adc.o)
                              D:\20231\TTKT-Lumi\SDK_1.0.3_NUCLEO-F401RE\lib_stm\libLibraries.a(lightsensor.o) (ADC_DeInit)
D:\20231\TTKT-Lumi\SDK_1.0.3_NUCLEO-F401RE\lib_stm\libLibraries.a(stm32f401re_dma.o)
                              D:\20231\TTKT-Lumi\SDK_1.0.3_NUCLEO-F401RE\lib_stm\libLibraries.a(lightsensor.o) (DMA_DeInit)
D:\20231\TTKT-Lumi\SDK_1.0.3_NUCLEO-F401RE\lib_stm\libLibraries.a(stm32f401re_usart.o)
[...]
Memory Configuration

Name             Origin             Length             Attributes
RAM              0x0000000020000000 0x0000000000018000 xrw
FLASH            0x0000000008000000 0x0000000000080000 xr
*default*        0x0000000000000000 0xffffffffffffffff

Linker script and memory map

LOAD C:/ST/STM32CubeIDE_1.13.1/STM32CubeIDE/plugins/com.st.stm32cube.ide.mcu.externaltools.gnu-tools-for-stm32.11.3.rel1.win32_1.1.0.202305231506/tools/bin/../lib/gcc/arm-none-eabi/11.3.1/thumb/v7e-m+fp/hard/crti.o
LOAD C:/ST/STM32CubeIDE_1.13.1/STM32CubeIDE/plugins/com.st.stm32cube.ide.mcu.externaltools.gnu-tools-for-stm32.11.3.rel1.win32_1.1.0.202305231506/tools/bin/../lib/gcc/arm-none-eabi/11.3.1/thumb/v7e-m+fp/hard/crtbegin.o
LOAD C:/ST/STM32CubeIDE_1.13.1/STM32CubeIDE/plugins/com.st.stm32cube.ide.mcu.externaltools.gnu-tools-for-stm32.11.3.rel1.win32_1.1.0.202305231506/tools/bin/../lib/gcc/arm-none-eabi/11.3.1/../../../../arm-none-eabi/lib/thumb/v7e-m+fp/hard/crt0.o
LOAD ./Src/main.o
LOAD ./Src/syscalls.o
LOAD ./Src/sysmem.o
LOAD ./Startup/startup_stm32f401retx.o
LOAD D:\20231\TTKT-Lumi\SDK_1.0.3_NUCLEO-F401RE\lib_stm\libLibraries.a
START GROUP
LOAD C:/ST/STM32CubeIDE_1.13.1/STM32CubeIDE/plugins/com.st.stm32cube.ide.mcu.externaltools.gnu-tools-for-stm32.11.3.rel1.win32_1.1.0.202305231506/tools/bin/../lib/gcc/arm-none-eabi/11.3.1/../../../../arm-none-eabi/lib/thumb/v7e-m+fp/hard\libc_nano.a
LOAD C:/ST/STM32CubeIDE_1.13.1/STM32CubeIDE/plugins/com.st.stm32cube.ide.mcu.externaltools.gnu-tools-for-stm32.11.3.rel1.win32_1.1.0.202305231506/tools/bin/../lib/gcc/arm-none-eabi/11.3.1/../../../../arm-none-eabi/lib/thumb/v7e-m+fp/hard\libm.a
END GROUP
START GROUP
LOAD C:/ST/STM32CubeIDE_1.13.1/STM32CubeIDE/plugins/com.st.stm32cube.ide.mcu.externaltools.gnu-tools-for-stm32.11.3.rel1.win32_1.1.0.202305231506/tools/bin/../lib/gcc/arm-none-eabi/11.3.1/thumb/v7e-m+fp/hard\libgcc.a
LOAD C:/ST/STM32CubeIDE_1.13.1/STM32CubeIDE/plugins/com.st.stm32cube.ide.mcu.externaltools.gnu-tools-for-stm32.11.3.rel1.win32_1.1.0.202305231506/tools/bin/../lib/gcc/arm-none-eabi/11.3.1/../../../../arm-none-eabi/lib/thumb/v7e-m+fp/hard\libc_nano.a
END GROUP
START GROUP
LOAD C:/ST/STM32CubeIDE_1.13.1/STM32CubeIDE/plugins/com.st.stm32cube.ide.mcu.externaltools.gnu-tools-for-stm32.11.3.rel1.win32_1.1.0.202305231506/tools/bin/../lib/gcc/arm-none-eabi/11.3.1/thumb/v7e-m+fp/hard\libgcc.a
LOAD C:/ST/STM32CubeIDE_1.13.1/STM32CubeIDE/plugins/com.st.stm32cube.ide.mcu.externaltools.gnu-tools-for-stm32.11.3.rel1.win32_1.1.0.202305231506/tools/bin/../lib/gcc/arm-none-eabi/11.3.1/../../../../arm-none-eabi/lib/thumb/v7e-m+fp/hard\libc_nano.a
LOAD C:/ST/STM32CubeIDE_1.13.1/STM32CubeIDE/plugins/com.st.stm32cube.ide.mcu.externaltools.gnu-tools-for-stm32.11.3.rel1.win32_1.1.0.202305231506/tools/bin/../lib/gcc/arm-none-eabi/11.3.1/../../../../arm-none-eabi/lib/thumb/v7e-m+fp/hard\libnosys.a
END GROUP
START GROUP
LOAD C:/ST/STM32CubeIDE_1.13.1/STM32CubeIDE/plugins/com.st.stm32cube.ide.mcu.externaltools.gnu-tools-for-stm32.11.3.rel1.win32_1.1.0.202305231506/tools/bin/../lib/gcc/arm-none-eabi/11.3.1/thumb/v7e-m+fp/hard\libgcc.a
LOAD C:/ST/STM32CubeIDE_1.13.1/STM32CubeIDE/plugins/com.st.stm32cube.ide.mcu.externaltools.gnu-tools-for-stm32.11.3.rel1.win32_1.1.0.202305231506/tools/bin/../lib/gcc/arm-none-eabi/11.3.1/../../../../arm-none-eabi/lib/thumb/v7e-m+fp/hard\libc_nano.a
LOAD C:/ST/STM32CubeIDE_1.13.1/STM32CubeIDE/plugins/com.st.stm32cube.ide.mcu.externaltools.gnu-tools-for-stm32.11.3.rel1.win32_1.1.0.202305231506/tools/bin/../lib/gcc/arm-none-eabi/11.3.1/../../../../arm-none-eabi/lib/thumb/v7e-m+fp/hard\libnosys.a
END GROUP
LOAD C:/ST/STM32CubeIDE_1.13.1/STM32CubeIDE/plugins/com.st.stm32cube.ide.mcu.externaltools.gnu-tools-for-stm32.11.3.rel1.win32_1.1.0.202305231506/tools/bin/../lib/gcc/arm-none-eabi/11.3.1/thumb/v7e-m+fp/hard/crtend.o
LOAD C:/ST/STM32CubeIDE_1.13.1/STM32CubeIDE/plugins/com.st.stm32cube.ide.mcu.externaltools.gnu-tools-for-stm32.11.3.rel1.win32_1.1.0.202305231506/tools/bin/../lib/gcc/arm-none-eabi/11.3.1/thumb/v7e-m+fp/hard/crtn.o
                0x0000000020018000                _estack = (ORIGIN (RAM) + LENGTH (RAM))
                0x0000000000000200                _Min_Heap_Size = 0x200
                0x0000000000000400                _Min_Stack_Size = 0x400

.isr_vector     0x0000000008000000      0x194
                0x0000000008000000                . = ALIGN (0x4)
 *(.isr_vector)
 .isr_vector    0x0000000008000000      0x194 ./Startup/startup_stm32f401retx.o
                0x0000000008000000                g_pfnVectors
                0x0000000008000194                . = ALIGN (0x4)

.text           0x00000000080001a0     0x59a0
                0x00000000080001a0                . = ALIGN (0x4)
 *(.text)
 .text          0x00000000080001a0       0x40 C:/ST/STM32CubeIDE_1.13.1/STM32CubeIDE/plugins/com.st.stm32cube.ide.mcu.externaltools.gnu-tools-for-stm32.11.3.rel1.win32_1.1.0.202305231506/tools/bin/../lib/gcc/arm-none-eabi/11.3.1/thumb/v7e-m+fp/hard/crtbegin.o
 .text          0x00000000080001e0       0xa0 C:/ST/STM32CubeIDE_1.13.1/STM32CubeIDE/plugins/com.st.stm32cube.ide.mcu.externaltools.gnu-tools-for-stm32.11.3.rel1.win32_1.1.0.202305231506/tools/bin/../lib/gcc/arm-none-eabi/11.3.1/../../../../arm-none-eabi/lib/thumb/v7e-m+fp/hard\libc_nano.a(libc_a-memchr.o)
                0x00000000080001e0                memchr
 *(.text*)
 .text.initB1ButtonInterrupt
                0x0000000008000280       0x7c ./Src/main.o
 .text.initB2ButtonInterrupt
                0x00000000080002fc       0x7c ./Src/main.o
 .text.initB3ButtonInterrupt
                0x0000000008000378       0x7c ./Src/main.o
 .text.initB4ButtonInterrupt
                0x00000000080003f4       0x7c ./Src/main.o
 .text.delayMs  0x0000000008000470       0x36 ./Src/main.o
                0x0000000008000470                delayMs
 *fill*         0x00000000080004a6        0x2 
 .text.loadConfiguration
                0x00000000080004a8       0x48 ./Src/main.o
                0x00000000080004a8                loadConfiguration
 .text.chooseBlock
                0x00000000080004f0       0x60 ./Src/main.o
                0x00000000080004f0                chooseBlock
 .text.initializeCurrentBlock
                0x0000000008000550       0x30 ./Src/main.o
                0x0000000008000550                initializeCurrentBlock
 .text.drawBlockOnScreen
                0x0000000008000580       0xa4 ./Src/main.o
                0x0000000008000580                drawBlockOnScreen
 .text.eraseBlockOnScreen
                0x0000000008000624       0xa4 ./Src/main.o
                0x0000000008000624                eraseBlockOnScreen
 .text.checkForCollisions
                0x00000000080006c8       0xc8 ./Src/main.o
                0x00000000080006c8                checkForCollisions
 .text.fixBlockOnScreen
                0x0000000008000790       0xac ./Src/main.o
                0x0000000008000790                fixBlockOnScreen
 .text.updateScore
                0x000000000800083c       0x54 ./Src/main.o
                0x000000000800083c                updateScore
 .text.handleFullRows
                0x0000000008000890      0x270 ./Src/main.o
                0x0000000008000890                handleFullRows
 .text.checkForGameOver
                0x0000000008000b00       0x6c ./Src/main.o
                0x0000000008000b00                checkForGameOver
 .text.handleFallingBlock
                0x0000000008000b6c      0x14c ./Src/main.o
                0x0000000008000b6c                handleFallingBlock
 .text.startFallingBlockTimer
                0x0000000008000cb8       0x50 ./Src/main.o
                0x0000000008000cb8                startFallingBlockTimer
 .text.calculateBlockMaxWidth
                0x0000000008000d08       0x74 ./Src/main.o
                0x0000000008000d08                calculateBlockMaxWidth
 .text.calculateBlockWidth
                0x0000000008000d7c       0x66 ./Src/main.o
                0x0000000008000d7c                calculateBlockWidth
 *fill*         0x0000000008000de2        0x2 
 .text.rotateCurrentBlock
                0x0000000008000de4      0x578 ./Src/main.o
                0x0000000008000de4                rotateCurrentBlock
 .text.EXTI3_IRQHandler
                0x000000000800135c       0x48 ./Src/main.o
                0x000000000800135c                EXTI3_IRQHandler
 .text.EXTI0_IRQHandler
                0x00000000080013a4       0x50 ./Src/main.o
                0x00000000080013a4                EXTI0_IRQHandler
 .text.EXTI4_IRQHandler
                0x00000000080013f4       0x28 ./Src/main.o
                0x00000000080013f4                EXTI4_IRQHandler
 .text.EXTI9_5_IRQHandler
                0x000000000800141c       0x1e ./Src/main.o
                0x000000000800141c                EXTI9_5_IRQHandler
 *fill*         0x000000000800143a        0x2 
 .text.initializeApplication
                0x000000000800143c       0x74 ./Src/main.o
 .text.main     0x00000000080014b0       0x12 ./Src/main.o
                0x00000000080014b0                main
 *fill*         0x00000000080014c2        0x2 
 .text._sbrk    0x00000000080014c4       0x6c ./Src/sysmem.o
                0x00000000080014c4                _sbrk
 .text.Reset_Handler
                0x0000000008001530       0x50 ./Startup/startup_stm32f401retx.o
                0x0000000008001530                Reset_Handler
 .text.Default_Handler
                0x0000000008001580        0x2 ./Startup/startup_stm32f401retx.o
                0x0000000008001580                EXTI2_IRQHandler
                0x0000000008001580                DebugMon_Handler
                0x0000000008001580                SPI4_IRQHandler
                0x0000000008001580                TIM1_CC_IRQHandler
                0x0000000008001580                DMA2_Stream5_IRQHandler
                0x0000000008001580                HardFault_Handler
                0x0000000008001580                DMA1_Stream5_IRQHandler
                0x0000000008001580                SDIO_IRQHandler
                0x0000000008001580                TAMP_STAMP_IRQHandler
                0x0000000008001580                PendSV_Handler
                0x0000000008001580                NMI_Handler
                0x0000000008001580                TIM1_UP_TIM10_IRQHandler
                0x0000000008001580                I2C3_ER_IRQHandler
                0x0000000008001580                EXTI18_OTG_FS_WKUP_IRQHandler
                0x0000000008001580                I2C2_EV_IRQHandler
                0x0000000008001580                DMA1_Stream2_IRQHandler
                0x0000000008001580                UsageFault_Handler
                0x0000000008001580                DMA2_Stream2_IRQHandler
                0x0000000008001580                SPI1_IRQHandler
                0x0000000008001580                TIM1_BRK_TIM9_IRQHandler
                0x0000000008001580                DMA2_Stream3_IRQHandler
                0x0000000008001580                USART6_IRQHandler
                0x0000000008001580                DMA2_Stream0_IRQHandler
                0x0000000008001580                TIM4_IRQHandler
                0x0000000008001580                I2C1_EV_IRQHandler
                0x0000000008001580                DMA1_Stream6_IRQHandler
                0x0000000008001580                DMA1_Stream1_IRQHandler
                0x0000000008001580                TIM3_IRQHandler
                0x0000000008001580                RCC_IRQHandler
                0x0000000008001580                Default_Handler
                0x0000000008001580                EXTI15_10_IRQHandler
                0x0000000008001580                ADC_IRQHandler
                0x0000000008001580                DMA1_Stream7_IRQHandler
                0x0000000008001580                TIM5_IRQHandler
                0x0000000008001580                DMA2_Stream7_IRQHandler
                0x0000000008001580                I2C3_EV_IRQHandler
                0x0000000008001580                SPI2_IRQHandler
                0x0000000008001580                MemManage_Handler
                0x0000000008001580                DMA1_Stream0_IRQHandler
                0x0000000008001580                SVC_Handler
                0x0000000008001580                EXTI22_RTC_WKUP_IRQHandler
                0x0000000008001580                TIM2_IRQHandler
                0x0000000008001580                EXTI16_PVD_IRQHandler
                0x0000000008001580                TIM1_TRG_COM_TIM11_IRQHandler
                0x0000000008001580                EXTI1_IRQHandler
                0x0000000008001580                EXTI17_RTC_Alarm_IRQHandler
                0x0000000008001580                I2C2_ER_IRQHandler
                0x0000000008001580                DMA2_Stream1_IRQHandler
                0x0000000008001580                FLASH_IRQHandler
                0x0000000008001580                DMA2_Stream4_IRQHandler
                0x0000000008001580                BusFault_Handler
                0x0000000008001580                USART1_IRQHandler
                0x0000000008001580                OTG_FS_IRQHandler
                0x0000000008001580                SPI3_IRQHandler
                0x0000000008001580                DMA1_Stream4_IRQHandler
                0x0000000008001580                I2C1_ER_IRQHandler
                0x0000000008001580                DMA2_Stream6_IRQHandler
                0x0000000008001580                DMA1_Stream3_IRQHandler
 *fill*         0x0000000008001582        0x2 
 .text.SystemInit
                0x0000000008001584       0x6c D:\20231\TTKT-Lumi\SDK_1.0.3_NUCLEO-F401RE\lib_stm\libLibraries.a(system_stm32f4xx.o)
                0x0000000008001584                SystemInit
 .text.SystemCoreClockUpdate
                0x00000000080015f0       0xf8 D:\20231\TTKT-Lumi\SDK_1.0.3_NUCLEO-F401RE\lib_stm\libLibraries.a(system_stm32f4xx.o)
                0x00000000080015f0                SystemCoreClockUpdate
 .text.SetSysClock
                0x00000000080016e8       0xa0 D:\20231\TTKT-Lumi\SDK_1.0.3_NUCLEO-F401RE\lib_stm\libLibraries.a(system_stm32f4xx.o)
 .text.NVIC_Init
                0x0000000008001788       0xc4 D:\20231\TTKT-Lumi\SDK_1.0.3_NUCLEO-F401RE\lib_stm\libLibraries.a(misc.o)
                0x0000000008001788                NVIC_Init
 .text.EXTI_Init
                0x000000000800184c       0xe4 D:\20231\TTKT-Lumi\SDK_1.0.3_NUCLEO-F401RE\lib_stm\libLibraries.a(stm32f401re_exti.o)
                0x000000000800184c                EXTI_Init
 .text.EXTI_GetFlagStatus
                0x0000000008001930       0x34 D:\20231\TTKT-Lumi\SDK_1.0.3_NUCLEO-F401RE\lib_stm\libLibraries.a(stm32f401re_exti.o)
                0x0000000008001930                EXTI_GetFlagStatus
 .text.EXTI_ClearITPendingBit
                0x0000000008001964       0x20 D:\20231\TTKT-Lumi\SDK_1.0.3_NUCLEO-F401RE\lib_stm\libLibraries.a(stm32f401re_exti.o)
                0x0000000008001964                EXTI_ClearITPendingBit
 .text.GPIO_Init
                0x0000000008001984      0x11c D:\20231\TTKT-Lumi\SDK_1.0.3_NUCLEO-F401RE\lib_stm\libLibraries.a(stm32f401re_gpio.o)
                0x0000000008001984                GPIO_Init
 .text.GPIO_WriteBit
                0x0000000008001aa0       0x30 D:\20231\TTKT-Lumi\SDK_1.0.3_NUCLEO-F401RE\lib_stm\libLibraries.a(stm32f401re_gpio.o)
                0x0000000008001aa0                GPIO_WriteBit
 .text.RCC_GetClocksFreq
                0x0000000008001ad0      0x150 D:\20231\TTKT-Lumi\SDK_1.0.3_NUCLEO-F401RE\lib_stm\libLibraries.a(stm32f401re_rcc.o)
                0x0000000008001ad0                RCC_GetClocksFreq
 .text.RCC_AHB1PeriphClockCmd
                0x0000000008001c20       0x40 D:\20231\TTKT-Lumi\SDK_1.0.3_NUCLEO-F401RE\lib_stm\libLibraries.a(stm32f401re_rcc.o)
                0x0000000008001c20                RCC_AHB1PeriphClockCmd
 .text.RCC_APB2PeriphClockCmd
                0x0000000008001c60       0x40 D:\20231\TTKT-Lumi\SDK_1.0.3_NUCLEO-F401RE\lib_stm\libLibraries.a(stm32f401re_rcc.o)
                0x0000000008001c60                RCC_APB2PeriphClockCmd
 .text.RCC_APB2PeriphResetCmd
                0x0000000008001ca0       0x40 D:\20231\TTKT-Lumi\SDK_1.0.3_NUCLEO-F401RE\lib_stm\libLibraries.a(stm32f401re_rcc.o)
                0x0000000008001ca0                RCC_APB2PeriphResetCmd
 .text.SYSCFG_EXTILineConfig
                0x0000000008001ce0       0x84 D:\20231\TTKT-Lumi\SDK_1.0.3_NUCLEO-F401RE\lib_stm\libLibraries.a(stm32f401re_syscfg.o)
                0x0000000008001ce0                SYSCFG_EXTILineConfig
 .text.NVIC_SetPriority
                0x0000000008001d64       0x54 D:\20231\TTKT-Lumi\SDK_1.0.3_NUCLEO-F401RE\lib_stm\libLibraries.a(timer.o)
 .text.SysTick_Config
                0x0000000008001db8       0x44 D:\20231\TTKT-Lumi\SDK_1.0.3_NUCLEO-F401RE\lib_stm\libLibraries.a(timer.o)
 .text.TimerInit
                0x0000000008001dfc       0x44 D:\20231\TTKT-Lumi\SDK_1.0.3_NUCLEO-F401RE\lib_stm\libLibraries.a(timer.o)
                0x0000000008001dfc                TimerInit
 .text.TimerStart
                0x0000000008001e40       0xc4 D:\20231\TTKT-Lumi\SDK_1.0.3_NUCLEO-F401RE\lib_stm\libLibraries.a(timer.o)
                0x0000000008001e40                TimerStart
 .text.TimerStop
                0x0000000008001f04       0xa0 D:\20231\TTKT-Lumi\SDK_1.0.3_NUCLEO-F401RE\lib_stm\libLibraries.a(timer.o)
                0x0000000008001f04                TimerStop
 .text.GetMilSecTick
                0x0000000008001fa4       0x18 D:\20231\TTKT-Lumi\SDK_1.0.3_NUCLEO-F401RE\lib_stm\libLibraries.a(timer.o)
                0x0000000008001fa4                GetMilSecTick
 .text.processTimerScheduler
                0x0000000008001fbc       0xf0 D:\20231\TTKT-Lumi\SDK_1.0.3_NUCLEO-F401RE\lib_stm\libLibraries.a(timer.o)
                0x0000000008001fbc                processTimerScheduler
 .text.TimeExpired
                0x00000000080020ac       0xcc D:\20231\TTKT-Lumi\SDK_1.0.3_NUCLEO-F401RE\lib_stm\libLibraries.a(timer.o)
 .text.SysTick_Handler
                0x0000000008002178       0x1c D:\20231\TTKT-Lumi\SDK_1.0.3_NUCLEO-F401RE\lib_stm\libLibraries.a(timer.o)
                0x0000000008002178                SysTick_Handler
 .text.LightSensor_Init
                0x0000000008002194      0x160 D:\20231\TTKT-Lumi\SDK_1.0.3_NUCLEO-F401RE\lib_stm\libLibraries.a(lightsensor.o)
                0x0000000008002194                LightSensor_Init
 .text.LightSensor_MeasureUseDMAMode
                0x00000000080022f4       0x18 D:\20231\TTKT-Lumi\SDK_1.0.3_NUCLEO-F401RE\lib_stm\libLibraries.a(lightsensor.o)
                0x00000000080022f4                LightSensor_MeasureUseDMAMode
 .text.USART2_IRQHandler
                0x000000000800230c       0x50 D:\20231\TTKT-Lumi\SDK_1.0.3_NUCLEO-F401RE\lib_stm\libLibraries.a(serial.o)
                0x000000000800230c                USART2_IRQHandler
 .text.delayMicroseconds
                0x000000000800235c       0x14 D:\20231\TTKT-Lumi\SDK_1.0.3_NUCLEO-F401RE\lib_stm\libLibraries.a(Ucglib.o)
 .text.ucg_gpio_init
                0x0000000008002370       0x60 D:\20231\TTKT-Lumi\SDK_1.0.3_NUCLEO-F401RE\lib_stm\libLibraries.a(Ucglib.o)
 .text.ucg_com_arduino_send_generic_SW_SPI
                0x00000000080023d0       0x74 D:\20231\TTKT-Lumi\SDK_1.0.3_NUCLEO-F401RE\lib_stm\libLibraries.a(Ucglib.o)
 .text.ucg_com_arduino_generic_SW_SPI
                0x0000000008002444      0x1ec D:\20231\TTKT-Lumi\SDK_1.0.3_NUCLEO-F401RE\lib_stm\libLibraries.a(Ucglib.o)
 .text.Ucglib4WireSWSPI_begin
                0x0000000008002630       0x38 D:\20231\TTKT-Lumi\SDK_1.0.3_NUCLEO-F401RE\lib_stm\libLibraries.a(Ucglib.o)
                0x0000000008002630                Ucglib4WireSWSPI_begin
 .text.ucg_DrawBox
                0x0000000008002668       0x56 D:\20231\TTKT-Lumi\SDK_1.0.3_NUCLEO-F401RE\lib_stm\libLibraries.a(ucg_box.o)
                0x0000000008002668                ucg_DrawBox
 .text.ucg_ClearScreen
                0x00000000080026be       0x50 D:\20231\TTKT-Lumi\SDK_1.0.3_NUCLEO-F401RE\lib_stm\libLibraries.a(ucg_box.o)
                0x00000000080026be                ucg_ClearScreen
 .text.ucg_DrawFrame
                0x000000000800270e       0x9a D:\20231\TTKT-Lumi\SDK_1.0.3_NUCLEO-F401RE\lib_stm\libLibraries.a(ucg_box.o)
                0x000000000800270e                ucg_DrawFrame
 .text.ucg_ccs_init
                0x00000000080027a8       0xc0 D:\20231\TTKT-Lumi\SDK_1.0.3_NUCLEO-F401RE\lib_stm\libLibraries.a(ucg_ccs.o)
                0x00000000080027a8                ucg_ccs_init
 .text.ucg_ccs_step
                0x0000000008002868       0x80 D:\20231\TTKT-Lumi\SDK_1.0.3_NUCLEO-F401RE\lib_stm\libLibraries.a(ucg_ccs.o)
                0x0000000008002868                ucg_ccs_step
 .text.ucg_ccs_seek
                0x00000000080028e8       0xca D:\20231\TTKT-Lumi\SDK_1.0.3_NUCLEO-F401RE\lib_stm\libLibraries.a(ucg_ccs.o)
                0x00000000080028e8                ucg_ccs_seek
 .text.ucg_dev_default_cb
                0x00000000080029b2       0x44 D:\20231\TTKT-Lumi\SDK_1.0.3_NUCLEO-F401RE\lib_stm\libLibraries.a(ucg_dev_default_cb.o)
                0x00000000080029b2                ucg_dev_default_cb
 .text.ucg_ext_none
                0x00000000080029f6       0x1c D:\20231\TTKT-Lumi\SDK_1.0.3_NUCLEO-F401RE\lib_stm\libLibraries.a(ucg_dev_default_cb.o)
                0x00000000080029f6                ucg_ext_none
 *fill*         0x0000000008002a12        0x2 
 .text.ucg_handle_st7735_l90fx
                0x0000000008002a14       0xd8 D:\20231\TTKT-Lumi\SDK_1.0.3_NUCLEO-F401RE\lib_stm\libLibraries.a(ucg_dev_ic_st7735.o)
                0x0000000008002a14                ucg_handle_st7735_l90fx
 .text.ucg_handle_st7735_l90se
                0x0000000008002aec      0x154 D:\20231\TTKT-Lumi\SDK_1.0.3_NUCLEO-F401RE\lib_stm\libLibraries.a(ucg_dev_ic_st7735.o)
                0x0000000008002aec                ucg_handle_st7735_l90se
 .text.ucg_dev_ic_st7735_18
                0x0000000008002c40       0xf8 D:\20231\TTKT-Lumi\SDK_1.0.3_NUCLEO-F401RE\lib_stm\libLibraries.a(ucg_dev_ic_st7735.o)
                0x0000000008002c40                ucg_dev_ic_st7735_18
 .text.ucg_ext_st7735_18
                0x0000000008002d38       0x28 D:\20231\TTKT-Lumi\SDK_1.0.3_NUCLEO-F401RE\lib_stm\libLibraries.a(ucg_dev_ic_st7735.o)
                0x0000000008002d38                ucg_ext_st7735_18
 .text.ucg_PowerDown
                0x0000000008002d60       0x34 D:\20231\TTKT-Lumi\SDK_1.0.3_NUCLEO-F401RE\lib_stm\libLibraries.a(ucg_dev_msg_api.o)
                0x0000000008002d60                ucg_PowerDown
 .text.ucg_PowerUp
                0x0000000008002d94       0x3c D:\20231\TTKT-Lumi\SDK_1.0.3_NUCLEO-F401RE\lib_stm\libLibraries.a(ucg_dev_msg_api.o)
                0x0000000008002d94                ucg_PowerUp
 .text.ucg_SetClipBox
                0x0000000008002dd0       0x1e D:\20231\TTKT-Lumi\SDK_1.0.3_NUCLEO-F401RE\lib_stm\libLibraries.a(ucg_dev_msg_api.o)
                0x0000000008002dd0                ucg_SetClipBox
 .text.ucg_SetMaxClipRange
                0x0000000008002dee       0x30 D:\20231\TTKT-Lumi\SDK_1.0.3_NUCLEO-F401RE\lib_stm\libLibraries.a(ucg_dev_msg_api.o)
                0x0000000008002dee                ucg_SetMaxClipRange
 .text.ucg_GetDimension
                0x0000000008002e1e       0x24 D:\20231\TTKT-Lumi\SDK_1.0.3_NUCLEO-F401RE\lib_stm\libLibraries.a(ucg_dev_msg_api.o)
                0x0000000008002e1e                ucg_GetDimension
 .text.ucg_DrawL90FXWithArg
                0x0000000008002e42       0x1e D:\20231\TTKT-Lumi\SDK_1.0.3_NUCLEO-F401RE\lib_stm\libLibraries.a(ucg_dev_msg_api.o)
                0x0000000008002e42                ucg_DrawL90FXWithArg
 .text.ucg_dev_st7735_18x128x128
                0x0000000008002e60       0x80 D:\20231\TTKT-Lumi\SDK_1.0.3_NUCLEO-F401RE\lib_stm\libLibraries.a(ucg_dev_tft_128x128_st7735.o)
                0x0000000008002e60                ucg_dev_st7735_18x128x128
 .text.ucg_font_get_byte
                0x0000000008002ee0       0x24 D:\20231\TTKT-Lumi\SDK_1.0.3_NUCLEO-F401RE\lib_stm\libLibraries.a(ucg_font.o)
 .text.ucg_font_get_word
                0x0000000008002f04       0x40 D:\20231\TTKT-Lumi\SDK_1.0.3_NUCLEO-F401RE\lib_stm\libLibraries.a(ucg_font.o)
 .text.ucg_read_font_info
                0x0000000008002f44      0x142 D:\20231\TTKT-Lumi\SDK_1.0.3_NUCLEO-F401RE\lib_stm\libLibraries.a(ucg_font.o)
                0x0000000008002f44                ucg_read_font_info
 .text.ucg_font_decode_get_unsigned_bits
                0x0000000008003086       0x96 D:\20231\TTKT-Lumi\SDK_1.0.3_NUCLEO-F401RE\lib_stm\libLibraries.a(ucg_font.o)
                0x0000000008003086                ucg_font_decode_get_unsigned_bits
 .text.ucg_font_decode_get_signed_bits
                0x000000000800311c       0x46 D:\20231\TTKT-Lumi\SDK_1.0.3_NUCLEO-F401RE\lib_stm\libLibraries.a(ucg_font.o)
                0x000000000800311c                ucg_font_decode_get_signed_bits
 .text.ucg_add_vector_y
                0x0000000008003162       0x7a D:\20231\TTKT-Lumi\SDK_1.0.3_NUCLEO-F401RE\lib_stm\libLibraries.a(ucg_font.o)
 .text.ucg_add_vector_x
                0x00000000080031dc       0x7a D:\20231\TTKT-Lumi\SDK_1.0.3_NUCLEO-F401RE\lib_stm\libLibraries.a(ucg_font.o)
 .text.ucg_font_decode_len
                0x0000000008003256      0x118 D:\20231\TTKT-Lumi\SDK_1.0.3_NUCLEO-F401RE\lib_stm\libLibraries.a(ucg_font.o)
                0x0000000008003256                ucg_font_decode_len
 .text.ucg_font_setup_decode
                0x000000000800336e       0x64 D:\20231\TTKT-Lumi\SDK_1.0.3_NUCLEO-F401RE\lib_stm\libLibraries.a(ucg_font.o)
 .text.ucg_font_decode_glyph
                0x00000000080033d2      0x14c D:\20231\TTKT-Lumi\SDK_1.0.3_NUCLEO-F401RE\lib_stm\libLibraries.a(ucg_font.o)
                0x00000000080033d2                ucg_font_decode_glyph
 .text.ucg_font_get_glyph_data
                0x000000000800351e       0x7a D:\20231\TTKT-Lumi\SDK_1.0.3_NUCLEO-F401RE\lib_stm\libLibraries.a(ucg_font.o)
                0x000000000800351e                ucg_font_get_glyph_data
 .text.ucg_font_draw_glyph
                0x0000000008003598       0x62 D:\20231\TTKT-Lumi\SDK_1.0.3_NUCLEO-F401RE\lib_stm\libLibraries.a(ucg_font.o)
                0x0000000008003598                ucg_font_draw_glyph
 .text.ucg_SetFontMode
                0x00000000080035fa       0x20 D:\20231\TTKT-Lumi\SDK_1.0.3_NUCLEO-F401RE\lib_stm\libLibraries.a(ucg_font.o)
                0x00000000080035fa                ucg_SetFontMode
 *fill*         0x000000000800361a        0x2 
 .text.ucg_DrawGlyph
                0x000000000800361c       0xb0 D:\20231\TTKT-Lumi\SDK_1.0.3_NUCLEO-F401RE\lib_stm\libLibraries.a(ucg_font.o)
                0x000000000800361c                ucg_DrawGlyph
 .text.task_drawString
                0x00000000080036cc      0x138 D:\20231\TTKT-Lumi\SDK_1.0.3_NUCLEO-F401RE\lib_stm\libLibraries.a(ucg_font.o)
                0x00000000080036cc                task_drawString
 .text.ucg_DrawString
                0x0000000008003804       0x78 D:\20231\TTKT-Lumi\SDK_1.0.3_NUCLEO-F401RE\lib_stm\libLibraries.a(ucg_font.o)
                0x0000000008003804                ucg_DrawString
 .text.ucg_UpdateRefHeight
                0x000000000800387c       0xd8 D:\20231\TTKT-Lumi\SDK_1.0.3_NUCLEO-F401RE\lib_stm\libLibraries.a(ucg_font.o)
                0x000000000800387c                ucg_UpdateRefHeight
 .text.ucg_font_calc_vref_font
                0x0000000008003954       0x16 D:\20231\TTKT-Lumi\SDK_1.0.3_NUCLEO-F401RE\lib_stm\libLibraries.a(ucg_font.o)
                0x0000000008003954                ucg_font_calc_vref_font
 *fill*         0x000000000800396a        0x2 
 .text.ucg_SetFontPosBaseline
                0x000000000800396c       0x20 D:\20231\TTKT-Lumi\SDK_1.0.3_NUCLEO-F401RE\lib_stm\libLibraries.a(ucg_font.o)
                0x000000000800396c                ucg_SetFontPosBaseline
 .text.ucg_SetFont
                0x000000000800398c       0x4c D:\20231\TTKT-Lumi\SDK_1.0.3_NUCLEO-F401RE\lib_stm\libLibraries.a(ucg_font.o)
                0x000000000800398c                ucg_SetFont
 .text.ucg_init_struct
                0x00000000080039d8       0x50 D:\20231\TTKT-Lumi\SDK_1.0.3_NUCLEO-F401RE\lib_stm\libLibraries.a(ucg_init.o)
                0x00000000080039d8                ucg_init_struct
 .text.ucg_Init
                0x0000000008003a28       0x5c D:\20231\TTKT-Lumi\SDK_1.0.3_NUCLEO-F401RE\lib_stm\libLibraries.a(ucg_init.o)
                0x0000000008003a28                ucg_Init
 .text.ucg_Draw90Line
                0x0000000008003a84       0x88 D:\20231\TTKT-Lumi\SDK_1.0.3_NUCLEO-F401RE\lib_stm\libLibraries.a(ucg_line.o)
                0x0000000008003a84                ucg_Draw90Line
 .text.ucg_DrawHLine
                0x0000000008003b0c       0x3e D:\20231\TTKT-Lumi\SDK_1.0.3_NUCLEO-F401RE\lib_stm\libLibraries.a(ucg_line.o)
                0x0000000008003b0c                ucg_DrawHLine
 .text.ucg_DrawVLine
                0x0000000008003b4a       0x3e D:\20231\TTKT-Lumi\SDK_1.0.3_NUCLEO-F401RE\lib_stm\libLibraries.a(ucg_line.o)
                0x0000000008003b4a                ucg_DrawVLine
 .text.ucg_SetColor
                0x0000000008003b88       0x5c D:\20231\TTKT-Lumi\SDK_1.0.3_NUCLEO-F401RE\lib_stm\libLibraries.a(ucg_pixel.o)
                0x0000000008003b88                ucg_SetColor
 .text.ucg_UndoRotate
                0x0000000008003be4       0x32 D:\20231\TTKT-Lumi\SDK_1.0.3_NUCLEO-F401RE\lib_stm\libLibraries.a(ucg_rotate.o)
                0x0000000008003be4                ucg_UndoRotate
 .text.ucg_rotate_180_xy
                0x0000000008003c16       0x66 D:\20231\TTKT-Lumi\SDK_1.0.3_NUCLEO-F401RE\lib_stm\libLibraries.a(ucg_rotate.o)
 .text.ucg_dev_rotate180
                0x0000000008003c7c      0x100 D:\20231\TTKT-Lumi\SDK_1.0.3_NUCLEO-F401RE\lib_stm\libLibraries.a(ucg_rotate.o)
                0x0000000008003c7c                ucg_dev_rotate180
 .text.ucg_SetRotate180
                0x0000000008003d7c       0x34 D:\20231\TTKT-Lumi\SDK_1.0.3_NUCLEO-F401RE\lib_stm\libLibraries.a(ucg_rotate.o)
                0x0000000008003d7c                ucg_SetRotate180
 .text.bufInit  0x0000000008003db0       0x36 D:\20231\TTKT-Lumi\SDK_1.0.3_NUCLEO-F401RE\lib_stm\libLibraries.a(buff.o)
                0x0000000008003db0                bufInit
 .text.bufNumItems
                0x0000000008003de6       0x18 D:\20231\TTKT-Lumi\SDK_1.0.3_NUCLEO-F401RE\lib_stm\libLibraries.a(buff.o)
                0x0000000008003de6                bufNumItems
 .text.bufIsFull
                0x0000000008003dfe       0x26 D:\20231\TTKT-Lumi\SDK_1.0.3_NUCLEO-F401RE\lib_stm\libLibraries.a(buff.o)
                0x0000000008003dfe                bufIsFull
 .text.bufIsEmpty
                0x0000000008003e24       0x26 D:\20231\TTKT-Lumi\SDK_1.0.3_NUCLEO-F401RE\lib_stm\libLibraries.a(buff.o)
                0x0000000008003e24                bufIsEmpty
 .text.bufFlush
                0x0000000008003e4a       0x32 D:\20231\TTKT-Lumi\SDK_1.0.3_NUCLEO-F401RE\lib_stm\libLibraries.a(buff.o)
                0x0000000008003e4a                bufFlush
 .text.bufEnDat
                0x0000000008003e7c       0x9c D:\20231\TTKT-Lumi\SDK_1.0.3_NUCLEO-F401RE\lib_stm\libLibraries.a(buff.o)
                0x0000000008003e7c                bufEnDat
 .text.bufDeDat
                0x0000000008003f18       0x84 D:\20231\TTKT-Lumi\SDK_1.0.3_NUCLEO-F401RE\lib_stm\libLibraries.a(buff.o)
                0x0000000008003f18                bufDeDat
 .text.memsetl  0x0000000008003f9c       0x32 D:\20231\TTKT-Lumi\SDK_1.0.3_NUCLEO-F401RE\lib_stm\libLibraries.a(utilities.o)
                0x0000000008003f9c                memsetl
 .text.ADC_DeInit
                0x0000000008003fce       0x1c D:\20231\TTKT-Lumi\SDK_1.0.3_NUCLEO-F401RE\lib_stm\libLibraries.a(stm32f401re_adc.o)
                0x0000000008003fce                ADC_DeInit
 *fill*         0x0000000008003fea        0x2 
 .text.ADC_Init
                0x0000000008003fec       0xac D:\20231\TTKT-Lumi\SDK_1.0.3_NUCLEO-F401RE\lib_stm\libLibraries.a(stm32f401re_adc.o)
                0x0000000008003fec                ADC_Init
 .text.ADC_CommonInit
                0x0000000008004098       0x50 D:\20231\TTKT-Lumi\SDK_1.0.3_NUCLEO-F401RE\lib_stm\libLibraries.a(stm32f401re_adc.o)
                0x0000000008004098                ADC_CommonInit
 .text.ADC_Cmd  0x00000000080040e8       0x38 D:\20231\TTKT-Lumi\SDK_1.0.3_NUCLEO-F401RE\lib_stm\libLibraries.a(stm32f401re_adc.o)
                0x00000000080040e8                ADC_Cmd
 .text.ADC_RegularChannelConfig
                0x0000000008004120      0x194 D:\20231\TTKT-Lumi\SDK_1.0.3_NUCLEO-F401RE\lib_stm\libLibraries.a(stm32f401re_adc.o)
                0x0000000008004120                ADC_RegularChannelConfig
 .text.ADC_SoftwareStartConv
                0x00000000080042b4       0x20 D:\20231\TTKT-Lumi\SDK_1.0.3_NUCLEO-F401RE\lib_stm\libLibraries.a(stm32f401re_adc.o)
                0x00000000080042b4                ADC_SoftwareStartConv
 .text.ADC_EOCOnEachRegularChannelCmd
                0x00000000080042d4       0x38 D:\20231\TTKT-Lumi\SDK_1.0.3_NUCLEO-F401RE\lib_stm\libLibraries.a(stm32f401re_adc.o)
                0x00000000080042d4                ADC_EOCOnEachRegularChannelCmd
 .text.ADC_ContinuousModeCmd
                0x000000000800430c       0x38 D:\20231\TTKT-Lumi\SDK_1.0.3_NUCLEO-F401RE\lib_stm\libLibraries.a(stm32f401re_adc.o)
                0x000000000800430c                ADC_ContinuousModeCmd
 .text.ADC_DiscModeChannelCountConfig
                0x0000000008004344       0x44 D:\20231\TTKT-Lumi\SDK_1.0.3_NUCLEO-F401RE\lib_stm\libLibraries.a(stm32f401re_adc.o)
                0x0000000008004344                ADC_DiscModeChannelCountConfig
 .text.ADC_DiscModeCmd
                0x0000000008004388       0x38 D:\20231\TTKT-Lumi\SDK_1.0.3_NUCLEO-F401RE\lib_stm\libLibraries.a(stm32f401re_adc.o)
                0x0000000008004388                ADC_DiscModeCmd
 .text.ADC_DMACmd
                0x00000000080043c0       0x38 D:\20231\TTKT-Lumi\SDK_1.0.3_NUCLEO-F401RE\lib_stm\libLibraries.a(stm32f401re_adc.o)
                0x00000000080043c0                ADC_DMACmd
 .text.ADC_DMARequestAfterLastTransferCmd
                0x00000000080043f8       0x38 D:\20231\TTKT-Lumi\SDK_1.0.3_NUCLEO-F401RE\lib_stm\libLibraries.a(stm32f401re_adc.o)
                0x00000000080043f8                ADC_DMARequestAfterLastTransferCmd
 .text.DMA_DeInit
                0x0000000008004430      0x1a8 D:\20231\TTKT-Lumi\SDK_1.0.3_NUCLEO-F401RE\lib_stm\libLibraries.a(stm32f401re_dma.o)
                0x0000000008004430                DMA_DeInit
 .text.DMA_Init
                0x00000000080045d8       0xb0 D:\20231\TTKT-Lumi\SDK_1.0.3_NUCLEO-F401RE\lib_stm\libLibraries.a(stm32f401re_dma.o)
                0x00000000080045d8                DMA_Init
 .text.DMA_Cmd  0x0000000008004688       0x38 D:\20231\TTKT-Lumi\SDK_1.0.3_NUCLEO-F401RE\lib_stm\libLibraries.a(stm32f401re_dma.o)
                0x0000000008004688                DMA_Cmd
 .text.USART_ReceiveData
                0x00000000080046c0       0x20 D:\20231\TTKT-Lumi\SDK_1.0.3_NUCLEO-F401RE\lib_stm\libLibraries.a(stm32f401re_usart.o)
                0x00000000080046c0                USART_ReceiveData
 .text.USART_GetITStatus
                0x00000000080046e0       0xb6 D:\20231\TTKT-Lumi\SDK_1.0.3_NUCLEO-F401RE\lib_stm\libLibraries.a(stm32f401re_usart.o)
                0x00000000080046e0                USART_GetITStatus
 .text.USART_ClearITPendingBit
                0x0000000008004796       0x3a D:\20231\TTKT-Lumi\SDK_1.0.3_NUCLEO-F401RE\lib_stm\libLibraries.a(stm32f401re_usart.o)
                0x0000000008004796                USART_ClearITPendingBit
 .text.ucg_clip_is_x_visible
                0x00000000080047d0       0x4a D:\20231\TTKT-Lumi\SDK_1.0.3_NUCLEO-F401RE\lib_stm\libLibraries.a(ucg_clip.o)
 .text.ucg_clip_is_y_visible
                0x000000000800481a       0x4a D:\20231\TTKT-Lumi\SDK_1.0.3_NUCLEO-F401RE\lib_stm\libLibraries.a(ucg_clip.o)
 .text.ucg_clip_intersection
                0x0000000008004864       0x74 D:\20231\TTKT-Lumi\SDK_1.0.3_NUCLEO-F401RE\lib_stm\libLibraries.a(ucg_clip.o)
 .text.ucg_clip_is_pixel_visible
                0x00000000080048d8       0x32 D:\20231\TTKT-Lumi\SDK_1.0.3_NUCLEO-F401RE\lib_stm\libLibraries.a(ucg_clip.o)
                0x00000000080048d8                ucg_clip_is_pixel_visible
 *fill*         0x000000000800490a        0x2 
 .text.ucg_clip_l90fx
                0x000000000800490c      0x300 D:\20231\TTKT-Lumi\SDK_1.0.3_NUCLEO-F401RE\lib_stm\libLibraries.a(ucg_clip.o)
                0x000000000800490c                ucg_clip_l90fx
 .text.ucg_clip_l90se
                0x0000000008004c0c       0x54 D:\20231\TTKT-Lumi\SDK_1.0.3_NUCLEO-F401RE\lib_stm\libLibraries.a(ucg_clip.o)
                0x0000000008004c0c                ucg_clip_l90se
 .text.ucg_com_PowerDown
                0x0000000008004c60       0x3e D:\20231\TTKT-Lumi\SDK_1.0.3_NUCLEO-F401RE\lib_stm\libLibraries.a(ucg_com_msg_api.o)
                0x0000000008004c60                ucg_com_PowerDown
 .text.ucg_com_PowerUp
                0x0000000008004c9e       0x60 D:\20231\TTKT-Lumi\SDK_1.0.3_NUCLEO-F401RE\lib_stm\libLibraries.a(ucg_com_msg_api.o)
                0x0000000008004c9e                ucg_com_PowerUp
 .text.ucg_com_SetLineStatus
                0x0000000008004cfe       0xe2 D:\20231\TTKT-Lumi\SDK_1.0.3_NUCLEO-F401RE\lib_stm\libLibraries.a(ucg_com_msg_api.o)
                0x0000000008004cfe                ucg_com_SetLineStatus
 .text.ucg_com_SetResetLineStatus
                0x0000000008004de0       0x20 D:\20231\TTKT-Lumi\SDK_1.0.3_NUCLEO-F401RE\lib_stm\libLibraries.a(ucg_com_msg_api.o)
                0x0000000008004de0                ucg_com_SetResetLineStatus
 .text.ucg_com_SetCSLineStatus
                0x0000000008004e00       0x20 D:\20231\TTKT-Lumi\SDK_1.0.3_NUCLEO-F401RE\lib_stm\libLibraries.a(ucg_com_msg_api.o)
                0x0000000008004e00                ucg_com_SetCSLineStatus
 .text.ucg_com_SetCDLineStatus
                0x0000000008004e20       0x20 D:\20231\TTKT-Lumi\SDK_1.0.3_NUCLEO-F401RE\lib_stm\libLibraries.a(ucg_com_msg_api.o)
                0x0000000008004e20                ucg_com_SetCDLineStatus
 .text.ucg_com_DelayMicroseconds
                0x0000000008004e40       0x22 D:\20231\TTKT-Lumi\SDK_1.0.3_NUCLEO-F401RE\lib_stm\libLibraries.a(ucg_com_msg_api.o)
                0x0000000008004e40                ucg_com_DelayMicroseconds
 .text.ucg_com_DelayMilliseconds
                0x0000000008004e62       0x2c D:\20231\TTKT-Lumi\SDK_1.0.3_NUCLEO-F401RE\lib_stm\libLibraries.a(ucg_com_msg_api.o)
                0x0000000008004e62                ucg_com_DelayMilliseconds
 .text.ucg_com_SendByte
                0x0000000008004e8e       0x24 D:\20231\TTKT-Lumi\SDK_1.0.3_NUCLEO-F401RE\lib_stm\libLibraries.a(ucg_com_msg_api.o)
                0x0000000008004e8e                ucg_com_SendByte
 .text.ucg_com_SendStringP
                0x0000000008004eb2       0x40 D:\20231\TTKT-Lumi\SDK_1.0.3_NUCLEO-F401RE\lib_stm\libLibraries.a(ucg_com_msg_api.o)
                0x0000000008004eb2                ucg_com_SendStringP
 .text.ucg_com_SendCmdArg
                0x0000000008004ef2       0x74 D:\20231\TTKT-Lumi\SDK_1.0.3_NUCLEO-F401RE\lib_stm\libLibraries.a(ucg_com_msg_api.o)
 *fill*         0x0000000008004f66        0x2 
 .text.ucg_com_SendCmdSeq
                0x0000000008004f68      0x278 D:\20231\TTKT-Lumi\SDK_1.0.3_NUCLEO-F401RE\lib_stm\libLibraries.a(ucg_com_msg_api.o)
                0x0000000008004f68                ucg_com_SendCmdSeq
 .text.sprintf  0x00000000080051e0       0x40 C:/ST/STM32CubeIDE_1.13.1/STM32CubeIDE/plugins/com.st.stm32cube.ide.mcu.externaltools.gnu-tools-for-stm32.11.3.rel1.win32_1.1.0.202305231506/tools/bin/../lib/gcc/arm-none-eabi/11.3.1/../../../../arm-none-eabi/lib/thumb/v7e-m+fp/hard\libc_nano.a(libc_a-sprintf.o)
                0x00000000080051e0                siprintf
                0x00000000080051e0                sprintf
 .text.memset   0x0000000008005220       0x10 C:/ST/STM32CubeIDE_1.13.1/STM32CubeIDE/plugins/com.st.stm32cube.ide.mcu.externaltools.gnu-tools-for-stm32.11.3.rel1.win32_1.1.0.202305231506/tools/bin/../lib/gcc/arm-none-eabi/11.3.1/../../../../arm-none-eabi/lib/thumb/v7e-m+fp/hard\libc_nano.a(libc_a-memset.o)
                0x0000000008005220                memset
 .text.__errno  0x0000000008005230        0xc C:/ST/STM32CubeIDE_1.13.1/STM32CubeIDE/plugins/com.st.stm32cube.ide.mcu.externaltools.gnu-tools-for-stm32.11.3.rel1.win32_1.1.0.202305231506/tools/bin/../lib/gcc/arm-none-eabi/11.3.1/../../../../arm-none-eabi/lib/thumb/v7e-m+fp/hard\libc_nano.a(libc_a-errno.o)
                0x0000000008005230                __errno
 .text.__libc_init_array
                0x000000000800523c       0x48 C:/ST/STM32CubeIDE_1.13.1/STM32CubeIDE/plugins/com.st.stm32cube.ide.mcu.externaltools.gnu-tools-for-stm32.11.3.rel1.win32_1.1.0.202305231506/tools/bin/../lib/gcc/arm-none-eabi/11.3.1/../../../../arm-none-eabi/lib/thumb/v7e-m+fp/hard\libc_nano.a(libc_a-init.o)
                0x000000000800523c                __libc_init_array
 .text.__retarget_lock_acquire_recursive
                0x0000000008005284        0x2 C:/ST/STM32CubeIDE_1.13.1/STM32CubeIDE/plugins/com.st.stm32cube.ide.mcu.externaltools.gnu-tools-for-stm32.11.3.rel1.win32_1.1.0.202305231506/tools/bin/../lib/gcc/arm-none-eabi/11.3.1/../../../../arm-none-eabi/lib/thumb/v7e-m+fp/hard\libc_nano.a(libc_a-lock.o)
                0x0000000008005284                __retarget_lock_acquire_recursive
 .text.__retarget_lock_release_recursive
                0x0000000008005286        0x2 C:/ST/STM32CubeIDE_1.13.1/STM32CubeIDE/plugins/com.st.stm32cube.ide.mcu.externaltools.gnu-tools-for-stm32.11.3.rel1.win32_1.1.0.202305231506/tools/bin/../lib/gcc/arm-none-eabi/11.3.1/../../../../arm-none-eabi/lib/thumb/v7e-m+fp/hard\libc_nano.a(libc_a-lock.o)
                0x0000000008005286                __retarget_lock_release_recursive
 .text.memcpy   0x0000000008005288       0x1c C:/ST/STM32CubeIDE_1.13.1/STM32CubeIDE/plugins/com.st.stm32cube.ide.mcu.externaltools.gnu-tools-for-stm32.11.3.rel1.win32_1.1.0.202305231506/tools/bin/../lib/gcc/arm-none-eabi/11.3.1/../../../../arm-none-eabi/lib/thumb/v7e-m+fp/hard\libc_nano.a(libc_a-memcpy-stub.o)
                0x0000000008005288                memcpy
 .text._free_r  0x00000000080052a4       0x98 C:/ST/STM32CubeIDE_1.13.1/STM32CubeIDE/plugins/com.st.stm32cube.ide.mcu.externaltools.gnu-tools-for-stm32.11.3.rel1.win32_1.1.0.202305231506/tools/bin/../lib/gcc/arm-none-eabi/11.3.1/../../../../arm-none-eabi/lib/thumb/v7e-m+fp/hard\libc_nano.a(libc_a-freer.o)
                0x00000000080052a4                _free_r
 .text.sbrk_aligned
                0x000000000800533c       0x40 C:/ST/STM32CubeIDE_1.13.1/STM32CubeIDE/plugins/com.st.stm32cube.ide.mcu.externaltools.gnu-tools-for-stm32.11.3.rel1.win32_1.1.0.202305231506/tools/bin/../lib/gcc/arm-none-eabi/11.3.1/../../../../arm-none-eabi/lib/thumb/v7e-m+fp/hard\libc_nano.a(libc_a-mallocr.o)
 .text._malloc_r
                0x000000000800537c      0x100 C:/ST/STM32CubeIDE_1.13.1/STM32CubeIDE/plugins/com.st.stm32cube.ide.mcu.externaltools.gnu-tools-for-stm32.11.3.rel1.win32_1.1.0.202305231506/tools/bin/../lib/gcc/arm-none-eabi/11.3.1/../../../../arm-none-eabi/lib/thumb/v7e-m+fp/hard\libc_nano.a(libc_a-mallocr.o)
                0x000000000800537c                _malloc_r
 .text.__malloc_lock
                0x000000000800547c        0xc C:/ST/STM32CubeIDE_1.13.1/STM32CubeIDE/plugins/com.st.stm32cube.ide.mcu.externaltools.gnu-tools-for-stm32.11.3.rel1.win32_1.1.0.202305231506/tools/bin/../lib/gcc/arm-none-eabi/11.3.1/../../../../arm-none-eabi/lib/thumb/v7e-m+fp/hard\libc_nano.a(libc_a-mlock.o)
                0x000000000800547c                __malloc_lock
 .text.__malloc_unlock
                0x0000000008005488        0xc C:/ST/STM32CubeIDE_1.13.1/STM32CubeIDE/plugins/com.st.stm32cube.ide.mcu.externaltools.gnu-tools-for-stm32.11.3.rel1.win32_1.1.0.202305231506/tools/bin/../lib/gcc/arm-none-eabi/11.3.1/../../../../arm-none-eabi/lib/thumb/v7e-m+fp/hard\libc_nano.a(libc_a-mlock.o)
                0x0000000008005488                __malloc_unlock
 .text.__ssputs_r
                0x0000000008005494       0xb4 C:/ST/STM32CubeIDE_1.13.1/STM32CubeIDE/plugins/com.st.stm32cube.ide.mcu.externaltools.gnu-tools-for-stm32.11.3.rel1.win32_1.1.0.202305231506/tools/bin/../lib/gcc/arm-none-eabi/11.3.1/../../../../arm-none-eabi/lib/thumb/v7e-m+fp/hard\libc_nano.a(libc_a-nano-svfprintf.o)
                0x0000000008005494                __ssputs_r
 .text._svfprintf_r
                0x0000000008005548      0x1fc C:/ST/STM32CubeIDE_1.13.1/STM32CubeIDE/plugins/com.st.stm32cube.ide.mcu.externaltools.gnu-tools-for-stm32.11.3.rel1.win32_1.1.0.202305231506/tools/bin/../lib/gcc/arm-none-eabi/11.3.1/../../../../arm-none-eabi/lib/thumb/v7e-m+fp/hard\libc_nano.a(libc_a-nano-svfprintf.o)
                0x0000000008005548                _svfiprintf_r
                0x0000000008005548                _svfprintf_r
 .text._printf_common
                0x0000000008005744       0xda C:/ST/STM32CubeIDE_1.13.1/STM32CubeIDE/plugins/com.st.stm32cube.ide.mcu.externaltools.gnu-tools-for-stm32.11.3.rel1.win32_1.1.0.202305231506/tools/bin/../lib/gcc/arm-none-eabi/11.3.1/../../../../arm-none-eabi/lib/thumb/v7e-m+fp/hard\libc_nano.a(libc_a-nano-vfprintf_i.o)
                0x0000000008005744                _printf_common
 *fill*         0x000000000800581e        0x2 
 .text._printf_i
                0x0000000008005820      0x244 C:/ST/STM32CubeIDE_1.13.1/STM32CubeIDE/plugins/com.st.stm32cube.ide.mcu.externaltools.gnu-tools-for-stm32.11.3.rel1.win32_1.1.0.202305231506/tools/bin/../lib/gcc/arm-none-eabi/11.3.1/../../../../arm-none-eabi/lib/thumb/v7e-m+fp/hard\libc_nano.a(libc_a-nano-vfprintf_i.o)
                0x0000000008005820                _printf_i
 .text.memmove  0x0000000008005a64       0x34 C:/ST/STM32CubeIDE_1.13.1/STM32CubeIDE/plugins/com.st.stm32cube.ide.mcu.externaltools.gnu-tools-for-stm32.11.3.rel1.win32_1.1.0.202305231506/tools/bin/../lib/gcc/arm-none-eabi/11.3.1/../../../../arm-none-eabi/lib/thumb/v7e-m+fp/hard\libc_nano.a(libc_a-memmove.o)
                0x0000000008005a64                memmove
 .text._sbrk_r  0x0000000008005a98       0x20 C:/ST/STM32CubeIDE_1.13.1/STM32CubeIDE/plugins/com.st.stm32cube.ide.mcu.externaltools.gnu-tools-for-stm32.11.3.rel1.win32_1.1.0.202305231506/tools/bin/../lib/gcc/arm-none-eabi/11.3.1/../../../../arm-none-eabi/lib/thumb/v7e-m+fp/hard\libc_nano.a(libc_a-sbrkr.o)
                0x0000000008005a98                _sbrk_r
 .text._realloc_r
                0x0000000008005ab8       0x5e C:/ST/STM32CubeIDE_1.13.1/STM32CubeIDE/plugins/com.st.stm32cube.ide.mcu.externaltools.gnu-tools-for-stm32.11.3.rel1.win32_1.1.0.202305231506/tools/bin/../lib/gcc/arm-none-eabi/11.3.1/../../../../arm-none-eabi/lib/thumb/v7e-m+fp/hard\libc_nano.a(libc_a-reallocr.o)
                0x0000000008005ab8                _realloc_r
 .text._malloc_usable_size_r
                0x0000000008005b16       0x10 C:/ST/STM32CubeIDE_1.13.1/STM32CubeIDE/plugins/com.st.stm32cube.ide.mcu.externaltools.gnu-tools-for-stm32.11.3.rel1.win32_1.1.0.202305231506/tools/bin/../lib/gcc/arm-none-eabi/11.3.1/../../../../arm-none-eabi/lib/thumb/v7e-m+fp/hard\libc_nano.a(libc_a-msizer.o)
                0x0000000008005b16                _malloc_usable_size_r
 *(.glue_7)
 .glue_7        0x0000000008005b26        0x0 linker stubs
 *(.glue_7t)
 .glue_7t       0x0000000008005b26        0x0 linker stubs
 *(.eh_frame)
 *fill*         0x0000000008005b26        0x2 
 .eh_frame      0x0000000008005b28        0x0 C:/ST/STM32CubeIDE_1.13.1/STM32CubeIDE/plugins/com.st.stm32cube.ide.mcu.externaltools.gnu-tools-for-stm32.11.3.rel1.win32_1.1.0.202305231506/tools/bin/../lib/gcc/arm-none-eabi/11.3.1/thumb/v7e-m+fp/hard/crtbegin.o
 *(.init)
 .init          0x0000000008005b28        0x4 C:/ST/STM32CubeIDE_1.13.1/STM32CubeIDE/plugins/com.st.stm32cube.ide.mcu.externaltools.gnu-tools-for-stm32.11.3.rel1.win32_1.1.0.202305231506/tools/bin/../lib/gcc/arm-none-eabi/11.3.1/thumb/v7e-m+fp/hard/crti.o
                0x0000000008005b28                _init
 .init          0x0000000008005b2c        0x8 C:/ST/STM32CubeIDE_1.13.1/STM32CubeIDE/plugins/com.st.stm32cube.ide.mcu.externaltools.gnu-tools-for-stm32.11.3.rel1.win32_1.1.0.202305231506/tools/bin/../lib/gcc/arm-none-eabi/11.3.1/thumb/v7e-m+fp/hard/crtn.o
 *(.fini)
 .fini          0x0000000008005b34        0x4 C:/ST/STM32CubeIDE_1.13.1/STM32CubeIDE/plugins/com.st.stm32cube.ide.mcu.externaltools.gnu-tools-for-stm32.11.3.rel1.win32_1.1.0.202305231506/tools/bin/../lib/gcc/arm-none-eabi/11.3.1/thumb/v7e-m+fp/hard/crti.o
                0x0000000008005b34                _fini
 .fini          0x0000000008005b38        0x8 C:/ST/STM32CubeIDE_1.13.1/STM32CubeIDE/plugins/com.st.stm32cube.ide.mcu.externaltools.gnu-tools-for-stm32.11.3.rel1.win32_1.1.0.202305231506/tools/bin/../lib/gcc/arm-none-eabi/11.3.1/thumb/v7e-m+fp/hard/crtn.o
                0x0000000008005b40                . = ALIGN (0x4)
                0x0000000008005b40                _etext = .

.vfp11_veneer   0x0000000008005b40        0x0
 .vfp11_veneer  0x0000000008005b40        0x0 linker stubs

.v4_bx          0x0000000008005b40        0x0
 .v4_bx         0x0000000008005b40        0x0 linker stubs

.iplt           0x0000000008005b40        0x0
 .iplt          0x0000000008005b40        0x0 C:/ST/STM32CubeIDE_1.13.1/STM32CubeIDE/plugins/com.st.stm32cube.ide.mcu.externaltools.gnu-tools-for-stm32.11.3.rel1.win32_1.1.0.202305231506/tools/bin/../lib/gcc/arm-none-eabi/11.3.1/thumb/v7e-m+fp/hard/crtbegin.o

.rodata         0x0000000008005b40      0x654
                0x0000000008005b40                . = ALIGN (0x4)
 *(.rodata)
 .rodata        0x0000000008005b40       0x31 ./Src/main.o
 *fill*         0x0000000008005b71        0x3 
 .rodata        0x0000000008005b74        0xf D:\20231\TTKT-Lumi\SDK_1.0.3_NUCLEO-F401RE\lib_stm\libLibraries.a(ucg_font.o)
 *(.rodata*)
 *fill*         0x0000000008005b83        0x1 
 .rodata.ucg_st7735_set_pos_seq
                0x0000000008005b84       0x1e D:\20231\TTKT-Lumi\SDK_1.0.3_NUCLEO-F401RE\lib_stm\libLibraries.a(ucg_dev_ic_st7735.o)
                0x0000000008005b84                ucg_st7735_set_pos_seq
 *fill*         0x0000000008005ba2        0x2 
 .rodata.ucg_st7735_set_pos_dir0_seq
                0x0000000008005ba4       0x1e D:\20231\TTKT-Lumi\SDK_1.0.3_NUCLEO-F401RE\lib_stm\libLibraries.a(ucg_dev_ic_st7735.o)
                0x0000000008005ba4                ucg_st7735_set_pos_dir0_seq
 *fill*         0x0000000008005bc2        0x2 
 .rodata.ucg_st7735_set_pos_dir1_seq
                0x0000000008005bc4       0x21 D:\20231\TTKT-Lumi\SDK_1.0.3_NUCLEO-F401RE\lib_stm\libLibraries.a(ucg_dev_ic_st7735.o)
                0x0000000008005bc4                ucg_st7735_set_pos_dir1_seq
 *fill*         0x0000000008005be5        0x3 
 .rodata.ucg_st7735_set_pos_dir2_seq
                0x0000000008005be8       0x21 D:\20231\TTKT-Lumi\SDK_1.0.3_NUCLEO-F401RE\lib_stm\libLibraries.a(ucg_dev_ic_st7735.o)
                0x0000000008005be8                ucg_st7735_set_pos_dir2_seq
 *fill*         0x0000000008005c09        0x3 
 .rodata.ucg_st7735_set_pos_dir3_seq
                0x0000000008005c0c       0x24 D:\20231\TTKT-Lumi\SDK_1.0.3_NUCLEO-F401RE\lib_stm\libLibraries.a(ucg_dev_ic_st7735.o)
                0x0000000008005c0c                ucg_st7735_set_pos_dir3_seq
 .rodata.ucg_st7735_power_down_seq
                0x0000000008005c30        0x7 D:\20231\TTKT-Lumi\SDK_1.0.3_NUCLEO-F401RE\lib_stm\libLibraries.a(ucg_dev_ic_st7735.o)
 *fill*         0x0000000008005c37        0x1 
 .rodata.ucg_tft_128x160_st7735_init_seq
                0x0000000008005c38       0x2c D:\20231\TTKT-Lumi\SDK_1.0.3_NUCLEO-F401RE\lib_stm\libLibraries.a(ucg_dev_tft_128x128_st7735.o)
 .rodata.ucg_font_ncenR08_hr
                0x0000000008005c64      0x4fd D:\20231\TTKT-Lumi\SDK_1.0.3_NUCLEO-F401RE\lib_stm\libLibraries.a(ucg_pixel_font_data.o)
                0x0000000008005c64                ucg_font_ncenR08_hr
 .rodata._svfprintf_r.str1.1
                0x0000000008006161       0x11 C:/ST/STM32CubeIDE_1.13.1/STM32CubeIDE/plugins/com.st.stm32cube.ide.mcu.externaltools.gnu-tools-for-stm32.11.3.rel1.win32_1.1.0.202305231506/tools/bin/../lib/gcc/arm-none-eabi/11.3.1/../../../../arm-none-eabi/lib/thumb/v7e-m+fp/hard\libc_nano.a(libc_a-nano-svfprintf.o)
 .rodata._printf_i.str1.1
                0x0000000008006172       0x22 C:/ST/STM32CubeIDE_1.13.1/STM32CubeIDE/plugins/com.st.stm32cube.ide.mcu.externaltools.gnu-tools-for-stm32.11.3.rel1.win32_1.1.0.202305231506/tools/bin/../lib/gcc/arm-none-eabi/11.3.1/../../../../arm-none-eabi/lib/thumb/v7e-m+fp/hard\libc_nano.a(libc_a-nano-vfprintf_i.o)
                0x0000000008006194                . = ALIGN (0x4)

.rel.dyn        0x0000000008006194        0x0
 .rel.iplt      0x0000000008006194        0x0 C:/ST/STM32CubeIDE_1.13.1/STM32CubeIDE/plugins/com.st.stm32cube.ide.mcu.externaltools.gnu-tools-for-stm32.11.3.rel1.win32_1.1.0.202305231506/tools/bin/../lib/gcc/arm-none-eabi/11.3.1/thumb/v7e-m+fp/hard/crtbegin.o

.ARM.extab      0x0000000008006194        0x0
                0x0000000008006194                . = ALIGN (0x4)
 *(.ARM.extab* .gnu.linkonce.armextab.*)
                0x0000000008006194                . = ALIGN (0x4)

.ARM            0x0000000008006194        0x0
                0x0000000008006194                . = ALIGN (0x4)
                0x0000000008006194                __exidx_start = .
 *(.ARM.exidx*)
                0x0000000008006194                __exidx_end = .
                0x0000000008006194                . = ALIGN (0x4)

.preinit_array  0x0000000008006194        0x0
                0x0000000008006194                . = ALIGN (0x4)
                0x0000000008006194                PROVIDE (__preinit_array_start = .)
 *(.preinit_array*)
                0x0000000008006194                PROVIDE (__preinit_array_end = .)
                0x0000000008006194                . = ALIGN (0x4)

.init_array     0x0000000008006194        0x4
                0x0000000008006194                . = ALIGN (0x4)
                0x0000000008006194                PROVIDE (__init_array_start = .)
 *(SORT_BY_NAME(.init_array.*))
 *(.init_array*)
 .init_array    0x0000000008006194        0x4 C:/ST/STM32CubeIDE_1.13.1/STM32CubeIDE/plugins/com.st.stm32cube.ide.mcu.externaltools.gnu-tools-for-stm32.11.3.rel1.win32_1.1.0.202305231506/tools/bin/../lib/gcc/arm-none-eabi/11.3.1/thumb/v7e-m+fp/hard/crtbegin.o
                0x0000000008006198                PROVIDE (__init_array_end = .)
                0x0000000008006198                . = ALIGN (0x4)

.fini_array     0x0000000008006198        0x4
                0x0000000008006198                . = ALIGN (0x4)
                [!provide]                        PROVIDE (__fini_array_start = .)
 *(SORT_BY_NAME(.fini_array.*))
 *(.fini_array*)
 .fini_array    0x0000000008006198        0x4 C:/ST/STM32CubeIDE_1.13.1/STM32CubeIDE/plugins/com.st.stm32cube.ide.mcu.externaltools.gnu-tools-for-stm32.11.3.rel1.win32_1.1.0.202305231506/tools/bin/../lib/gcc/arm-none-eabi/11.3.1/thumb/v7e-m+fp/hard/crtbegin.o
                [!provide]                        PROVIDE (__fini_array_end = .)
                0x000000000800619c                . = ALIGN (0x4)
                0x000000000800619c                _sidata = LOADADDR (.data)

.data           0x0000000020000000      0x5ec load address 0x000000000800619c
                0x0000000020000000                . = ALIGN (0x4)
                0x0000000020000000                _sdata = .
 *(.data)
 *(.data*)
 .data.x_axis   0x0000000020000000        0x4 ./Src/main.o
 .data.idTimer  0x0000000020000004        0x4 ./Src/main.o
 .data.timeRepeat
                0x0000000020000008        0x4 ./Src/main.o
                0x0000000020000008                timeRepeat
 .data.size     0x000000002000000c        0x4 ./Src/main.o
 .data.currentX
                0x0000000020000010        0x4 ./Src/main.o
 .data.currentY
                0x0000000020000014        0x4 ./Src/main.o
 .data.currentRotation
                0x0000000020000018        0x4 ./Src/main.o
 .data.block    0x000000002000001c        0x4 ./Src/main.o
                0x000000002000001c                block
 .data.block_T1
                0x0000000020000020       0x40 ./Src/main.o
 .data.block_T2
                0x0000000020000060       0x40 ./Src/main.o
 .data.block_T3
                0x00000000200000a0       0x40 ./Src/main.o
 .data.block_T4
                0x00000000200000e0       0x40 ./Src/main.o
 .data.block_J1
                0x0000000020000120       0x40 ./Src/main.o
 .data.block_J2
                0x0000000020000160       0x40 ./Src/main.o
 .data.block_J3
                0x00000000200001a0       0x40 ./Src/main.o
 .data.block_J4
                0x00000000200001e0       0x40 ./Src/main.o
 .data.block_L1
                0x0000000020000220       0x40 ./Src/main.o
 .data.block_L2
                0x0000000020000260       0x40 ./Src/main.o
 .data.block_L3
                0x00000000200002a0       0x40 ./Src/main.o
 .data.block_L4
                0x00000000200002e0       0x40 ./Src/main.o
 .data.block_Z1
                0x0000000020000320       0x40 ./Src/main.o
 .data.block_Z2
                0x0000000020000360       0x40 ./Src/main.o
 .data.block_Z3
                0x00000000200003a0       0x40 ./Src/main.o
 .data.block_Z4
                0x00000000200003e0       0x40 ./Src/main.o
 .data.block_I1
                0x0000000020000420       0x40 ./Src/main.o
 .data.block_I2
                0x0000000020000460       0x40 ./Src/main.o
 .data.block_O  0x00000000200004a0       0x40 ./Src/main.o
 .data.blockTypes
                0x00000000200004e0       0x4c ./Src/main.o
                0x00000000200004e0                blockTypes
 .data.block_T  0x000000002000052c       0x10 ./Src/main.o
                0x000000002000052c                block_T
 .data.block_J  0x000000002000053c       0x10 ./Src/main.o
                0x000000002000053c                block_J
 .data.block_Z  0x000000002000054c       0x10 ./Src/main.o
                0x000000002000054c                block_Z
 .data.block_L  0x000000002000055c       0x10 ./Src/main.o
                0x000000002000055c                block_L
 .data.block_I  0x000000002000056c        0x8 ./Src/main.o
                0x000000002000056c                block_I
 .data.SystemCoreClock
                0x0000000020000574        0x4 D:\20231\TTKT-Lumi\SDK_1.0.3_NUCLEO-F401RE\lib_stm\libLibraries.a(system_stm32f4xx.o)
                0x0000000020000574                SystemCoreClock
 .data.AHBPrescTable
                0x0000000020000578       0x10 D:\20231\TTKT-Lumi\SDK_1.0.3_NUCLEO-F401RE\lib_stm\libLibraries.a(system_stm32f4xx.o)
                0x0000000020000578                AHBPrescTable
 .data.APBAHBPrescTable
                0x0000000020000588       0x10 D:\20231\TTKT-Lumi\SDK_1.0.3_NUCLEO-F401RE\lib_stm\libLibraries.a(stm32f401re_rcc.o)
 .data.idTaskScanDecodeLen
                0x0000000020000598        0x1 D:\20231\TTKT-Lumi\SDK_1.0.3_NUCLEO-F401RE\lib_stm\libLibraries.a(ucg_font.o)
 *fill*         0x0000000020000599        0x3 
 .data._impure_data
                0x000000002000059c       0x4c C:/ST/STM32CubeIDE_1.13.1/STM32CubeIDE/plugins/com.st.stm32cube.ide.mcu.externaltools.gnu-tools-for-stm32.11.3.rel1.win32_1.1.0.202305231506/tools/bin/../lib/gcc/arm-none-eabi/11.3.1/../../../../arm-none-eabi/lib/thumb/v7e-m+fp/hard\libc_nano.a(libc_a-impure.o)
                0x000000002000059c                _impure_data
 .data._impure_ptr
                0x00000000200005e8        0x4 C:/ST/STM32CubeIDE_1.13.1/STM32CubeIDE/plugins/com.st.stm32cube.ide.mcu.externaltools.gnu-tools-for-stm32.11.3.rel1.win32_1.1.0.202305231506/tools/bin/../lib/gcc/arm-none-eabi/11.3.1/../../../../arm-none-eabi/lib/thumb/v7e-m+fp/hard\libc_nano.a(libc_a-impure.o)
                0x00000000200005e8                _impure_ptr
 *(.RamFunc)
 *(.RamFunc*)
                0x00000000200005ec                . = ALIGN (0x4)
                0x00000000200005ec                _edata = .

.igot.plt       0x00000000200005ec        0x0 load address 0x0000000008006788
 .igot.plt      0x00000000200005ec        0x0 C:/ST/STM32CubeIDE_1.13.1/STM32CubeIDE/plugins/com.st.stm32cube.ide.mcu.externaltools.gnu-tools-for-stm32.11.3.rel1.win32_1.1.0.202305231506/tools/bin/../lib/gcc/arm-none-eabi/11.3.1/thumb/v7e-m+fp/hard/crtbegin.o
                0x00000000200005ec                . = ALIGN (0x4)

.bss            0x00000000200005ec     0x18ec load address 0x0000000008006788
                0x00000000200005ec                _sbss = .
                0x00000000200005ec                __bss_start__ = _sbss
 *(.bss)
 .bss           0x00000000200005ec       0x1c C:/ST/STM32CubeIDE_1.13.1/STM32CubeIDE/plugins/com.st.stm32cube.ide.mcu.externaltools.gnu-tools-for-stm32.11.3.rel1.win32_1.1.0.202305231506/tools/bin/../lib/gcc/arm-none-eabi/11.3.1/thumb/v7e-m+fp/hard/crtbegin.o
 *(.bss*)
 .bss.ucg       0x0000000020000608       0xb4 ./Src/main.o
                0x0000000020000608                ucg
 .bss.checkRow  0x00000000200006bc        0x4 ./Src/main.o
                0x00000000200006bc                checkRow
 .bss.screen    0x00000000200006c0      0x480 ./Src/main.o
 .bss.str1      0x0000000020000b40        0xa ./Src/main.o
 *fill*         0x0000000020000b4a        0x2 
 .bss.currentBlock
                0x0000000020000b4c       0x40 ./Src/main.o
                0x0000000020000b4c                currentBlock
 .bss.nextBlock
                0x0000000020000b8c       0x40 ./Src/main.o
                0x0000000020000b8c                nextBlock
 .bss.blockIndex
                0x0000000020000bcc        0x4 ./Src/main.o
                0x0000000020000bcc                blockIndex
 .bss.score     0x0000000020000bd0        0x4 ./Src/main.o
 .bss.maxx      0x0000000020000bd4        0x4 ./Src/main.o
 .bss.minx      0x0000000020000bd8        0x4 ./Src/main.o
 .bss.__sbrk_heap_end
                0x0000000020000bdc        0x4 ./Src/sysmem.o
 .bss.g_pTimerHandle
                0x0000000020000be0      0x180 D:\20231\TTKT-Lumi\SDK_1.0.3_NUCLEO-F401RE\lib_stm\libLibraries.a(timer.o)
 .bss.g_wMilSecTickTimer
                0x0000000020000d60        0x4 D:\20231\TTKT-Lumi\SDK_1.0.3_NUCLEO-F401RE\lib_stm\libLibraries.a(timer.o)
 .bss.uhADCConvertedValue
                0x0000000020000d64        0x2 D:\20231\TTKT-Lumi\SDK_1.0.3_NUCLEO-F401RE\lib_stm\libLibraries.a(lightsensor.o)
 *fill*         0x0000000020000d66        0x2 
 .bss.g_pUartQueueRx
                0x0000000020000d68        0x8 D:\20231\TTKT-Lumi\SDK_1.0.3_NUCLEO-F401RE\lib_stm\libLibraries.a(serial.o)
 .bss.fontQueue
                0x0000000020000d70       0x10 D:\20231\TTKT-Lumi\SDK_1.0.3_NUCLEO-F401RE\lib_stm\libLibraries.a(ucg_font.o)
 .bss.pQueueFont
                0x0000000020000d80     0x1000 D:\20231\TTKT-Lumi\SDK_1.0.3_NUCLEO-F401RE\lib_stm\libLibraries.a(ucg_font.o)
 .bss.next.7562
                0x0000000020001d80        0x1 D:\20231\TTKT-Lumi\SDK_1.0.3_NUCLEO-F401RE\lib_stm\libLibraries.a(ucg_font.o)
 *fill*         0x0000000020001d81        0x3 
 .bss.__sf      0x0000000020001d84      0x138 C:/ST/STM32CubeIDE_1.13.1/STM32CubeIDE/plugins/com.st.stm32cube.ide.mcu.externaltools.gnu-tools-for-stm32.11.3.rel1.win32_1.1.0.202305231506/tools/bin/../lib/gcc/arm-none-eabi/11.3.1/../../../../arm-none-eabi/lib/thumb/v7e-m+fp/hard\libc_nano.a(libc_a-findfp.o)
                0x0000000020001d84                __sf
 .bss.errno     0x0000000020001ebc        0x4 C:/ST/STM32CubeIDE_1.13.1/STM32CubeIDE/plugins/com.st.stm32cube.ide.mcu.externaltools.gnu-tools-for-stm32.11.3.rel1.win32_1.1.0.202305231506/tools/bin/../lib/gcc/arm-none-eabi/11.3.1/../../../../arm-none-eabi/lib/thumb/v7e-m+fp/hard\libc_nano.a(libc_a-reent.o)
                0x0000000020001ebc                errno
 .bss.__lock___malloc_recursive_mutex
                0x0000000020001ec0        0x1 C:/ST/STM32CubeIDE_1.13.1/STM32CubeIDE/plugins/com.st.stm32cube.ide.mcu.externaltools.gnu-tools-for-stm32.11.3.rel1.win32_1.1.0.202305231506/tools/bin/../lib/gcc/arm-none-eabi/11.3.1/../../../../arm-none-eabi/lib/thumb/v7e-m+fp/hard\libc_nano.a(libc_a-lock.o)
                0x0000000020001ec0                __lock___malloc_recursive_mutex
 *fill*         0x0000000020001ec1        0x3 
 .bss.__malloc_free_list
                0x0000000020001ec4        0x4 C:/ST/STM32CubeIDE_1.13.1/STM32CubeIDE/plugins/com.st.stm32cube.ide.mcu.externaltools.gnu-tools-for-stm32.11.3.rel1.win32_1.1.0.202305231506/tools/bin/../lib/gcc/arm-none-eabi/11.3.1/../../../../arm-none-eabi/lib/thumb/v7e-m+fp/hard\libc_nano.a(libc_a-mallocr.o)
                0x0000000020001ec4                __malloc_free_list
 .bss.__malloc_sbrk_start
                0x0000000020001ec8        0x4 C:/ST/STM32CubeIDE_1.13.1/STM32CubeIDE/plugins/com.st.stm32cube.ide.mcu.externaltools.gnu-tools-for-stm32.11.3.rel1.win32_1.1.0.202305231506/tools/bin/../lib/gcc/arm-none-eabi/11.3.1/../../../../arm-none-eabi/lib/thumb/v7e-m+fp/hard\libc_nano.a(libc_a-mallocr.o)
                0x0000000020001ec8                __malloc_sbrk_start
 *(COMMON)
 COMMON         0x0000000020001ecc        0xc D:\20231\TTKT-Lumi\SDK_1.0.3_NUCLEO-F401RE\lib_stm\libLibraries.a(ucg_font.o)
                0x0000000020001ecc                ucg_draw_str
                0x0000000020001ed8                . = ALIGN (0x4)
                0x0000000020001ed8                _ebss = .
                0x0000000020001ed8                __bss_end__ = _ebss

._user_heap_stack
                0x0000000020001ed8      0x600 load address 0x0000000008006788
                0x0000000020001ed8                . = ALIGN (0x8)
                [!provide]                        PROVIDE (end = .)
                0x0000000020001ed8                PROVIDE (_end = .)
                0x00000000200020d8                . = (. + _Min_Heap_Size)
 *fill*         0x0000000020001ed8      0x200 
                0x00000000200024d8                . = (. + _Min_Stack_Size)
 *fill*         0x00000000200020d8      0x400 
                0x00000000200024d8                . = ALIGN (0x8)

/DISCARD/
 libc.a(*)
 libm.a(*)
 libgcc.a(*)

.ARM.attributes
                0x0000000000000000       0x30
 *(.ARM.attributes)
 .ARM.attributes
                0x0000000000000000       0x1e C:/ST/STM32CubeIDE_1.13.1/STM32CubeIDE/plugins/com.st.stm32cube.ide.mcu.externaltools.gnu-tools-for-stm32.11.3.rel1.win32_1.1.0.202305231506/tools/bin/../lib/gcc/arm-none-eabi/11.3.1/thumb/v7e-m+fp/hard/crti.o
 .ARM.attributes
                0x000000000000001e       0x34 C:/ST/STM32CubeIDE_1.13.1/STM32CubeIDE/plugins/com.st.stm32cube.ide.mcu.externaltools.gnu-tools-for-stm32.11.3.rel1.win32_1.1.0.202305231506/tools/bin/../lib/gcc/arm-none-eabi/11.3.1/thumb/v7e-m+fp/hard/crtbegin.o
 .ARM.attributes
                0x0000000000000052       0x34 ./Src/main.o
 .ARM.attributes
                0x0000000000000086       0x34 ./Src/sysmem.o
 .ARM.attributes
                0x00000000000000ba       0x21 ./Startup/startup_stm32f401retx.o
 .ARM.attributes
                0x00000000000000db       0x39 D:\20231\TTKT-Lumi\SDK_1.0.3_NUCLEO-F401RE\lib_stm\libLibraries.a(system_stm32f4xx.o)
 .ARM.attributes
                0x0000000000000114       0x39 D:\20231\TTKT-Lumi\SDK_1.0.3_NUCLEO-F401RE\lib_stm\libLibraries.a(misc.o)
 .ARM.attributes
                0x000000000000014d       0x39 D:\20231\TTKT-Lumi\SDK_1.0.3_NUCLEO-F401RE\lib_stm\libLibraries.a(stm32f401re_exti.o)
 .ARM.attributes
                0x0000000000000186       0x39 D:\20231\TTKT-Lumi\SDK_1.0.3_NUCLEO-F401RE\lib_stm\libLibraries.a(stm32f401re_gpio.o)
 .ARM.attributes
                0x00000000000001bf       0x39 D:\20231\TTKT-Lumi\SDK_1.0.3_NUCLEO-F401RE\lib_stm\libLibraries.a(stm32f401re_rcc.o)
 .ARM.attributes
                0x00000000000001f8       0x39 D:\20231\TTKT-Lumi\SDK_1.0.3_NUCLEO-F401RE\lib_stm\libLibraries.a(stm32f401re_syscfg.o)
 .ARM.attributes
                0x0000000000000231       0x39 D:\20231\TTKT-Lumi\SDK_1.0.3_NUCLEO-F401RE\lib_stm\libLibraries.a(timer.o)
 .ARM.attributes
                0x000000000000026a       0x39 D:\20231\TTKT-Lumi\SDK_1.0.3_NUCLEO-F401RE\lib_stm\libLibraries.a(lightsensor.o)
 .ARM.attributes
                0x00000000000002a3       0x39 D:\20231\TTKT-Lumi\SDK_1.0.3_NUCLEO-F401RE\lib_stm\libLibraries.a(serial.o)
 .ARM.attributes
                0x00000000000002dc       0x39 D:\20231\TTKT-Lumi\SDK_1.0.3_NUCLEO-F401RE\lib_stm\libLibraries.a(Ucglib.o)
 .ARM.attributes
                0x0000000000000315       0x39 D:\20231\TTKT-Lumi\SDK_1.0.3_NUCLEO-F401RE\lib_stm\libLibraries.a(ucg_box.o)
 .ARM.attributes
                0x000000000000034e       0x39 D:\20231\TTKT-Lumi\SDK_1.0.3_NUCLEO-F401RE\lib_stm\libLibraries.a(ucg_ccs.o)
 .ARM.attributes
                0x0000000000000387       0x39 D:\20231\TTKT-Lumi\SDK_1.0.3_NUCLEO-F401RE\lib_stm\libLibraries.a(ucg_dev_default_cb.o)
 .ARM.attributes
                0x00000000000003c0       0x39 D:\20231\TTKT-Lumi\SDK_1.0.3_NUCLEO-F401RE\lib_stm\libLibraries.a(ucg_dev_ic_st7735.o)
 .ARM.attributes
                0x00000000000003f9       0x39 D:\20231\TTKT-Lumi\SDK_1.0.3_NUCLEO-F401RE\lib_stm\libLibraries.a(ucg_dev_msg_api.o)
 .ARM.attributes
                0x0000000000000432       0x39 D:\20231\TTKT-Lumi\SDK_1.0.3_NUCLEO-F401RE\lib_stm\libLibraries.a(ucg_dev_tft_128x128_st7735.o)
 .ARM.attributes
                0x000000000000046b       0x39 D:\20231\TTKT-Lumi\SDK_1.0.3_NUCLEO-F401RE\lib_stm\libLibraries.a(ucg_font.o)
 .ARM.attributes
                0x00000000000004a4       0x39 D:\20231\TTKT-Lumi\SDK_1.0.3_NUCLEO-F401RE\lib_stm\libLibraries.a(ucg_init.o)
 .ARM.attributes
                0x00000000000004dd       0x39 D:\20231\TTKT-Lumi\SDK_1.0.3_NUCLEO-F401RE\lib_stm\libLibraries.a(ucg_line.o)
 .ARM.attributes
                0x0000000000000516       0x39 D:\20231\TTKT-Lumi\SDK_1.0.3_NUCLEO-F401RE\lib_stm\libLibraries.a(ucg_pixel.o)
 .ARM.attributes
                0x000000000000054f       0x39 D:\20231\TTKT-Lumi\SDK_1.0.3_NUCLEO-F401RE\lib_stm\libLibraries.a(ucg_pixel_font_data.o)
 .ARM.attributes
                0x0000000000000588       0x39 D:\20231\TTKT-Lumi\SDK_1.0.3_NUCLEO-F401RE\lib_stm\libLibraries.a(ucg_rotate.o)
 .ARM.attributes
                0x00000000000005c1       0x39 D:\20231\TTKT-Lumi\SDK_1.0.3_NUCLEO-F401RE\lib_stm\libLibraries.a(buff.o)
 .ARM.attributes
                0x00000000000005fa       0x39 D:\20231\TTKT-Lumi\SDK_1.0.3_NUCLEO-F401RE\lib_stm\libLibraries.a(utilities.o)
 .ARM.attributes
                0x0000000000000633       0x39 D:\20231\TTKT-Lumi\SDK_1.0.3_NUCLEO-F401RE\lib_stm\libLibraries.a(stm32f401re_adc.o)
 .ARM.attributes
                0x000000000000066c       0x39 D:\20231\TTKT-Lumi\SDK_1.0.3_NUCLEO-F401RE\lib_stm\libLibraries.a(stm32f401re_dma.o)
 .ARM.attributes
                0x00000000000006a5       0x39 D:\20231\TTKT-Lumi\SDK_1.0.3_NUCLEO-F401RE\lib_stm\libLibraries.a(stm32f401re_usart.o)
 .ARM.attributes
                0x00000000000006de       0x39 D:\20231\TTKT-Lumi\SDK_1.0.3_NUCLEO-F401RE\lib_stm\libLibraries.a(ucg_clip.o)
 .ARM.attributes
                0x0000000000000717       0x39 D:\20231\TTKT-Lumi\SDK_1.0.3_NUCLEO-F401RE\lib_stm\libLibraries.a(ucg_com_msg_api.o)
 .ARM.attributes
                0x0000000000000750       0x34 C:/ST/STM32CubeIDE_1.13.1/STM32CubeIDE/plugins/com.st.stm32cube.ide.mcu.externaltools.gnu-tools-for-stm32.11.3.rel1.win32_1.1.0.202305231506/tools/bin/../lib/gcc/arm-none-eabi/11.3.1/../../../../arm-none-eabi/lib/thumb/v7e-m+fp/hard\libc_nano.a(libc_a-findfp.o)
 .ARM.attributes
                0x0000000000000784       0x34 C:/ST/STM32CubeIDE_1.13.1/STM32CubeIDE/plugins/com.st.stm32cube.ide.mcu.externaltools.gnu-tools-for-stm32.11.3.rel1.win32_1.1.0.202305231506/tools/bin/../lib/gcc/arm-none-eabi/11.3.1/../../../../arm-none-eabi/lib/thumb/v7e-m+fp/hard\libc_nano.a(libc_a-sprintf.o)
 .ARM.attributes
                0x00000000000007b8       0x34 C:/ST/STM32CubeIDE_1.13.1/STM32CubeIDE/plugins/com.st.stm32cube.ide.mcu.externaltools.gnu-tools-for-stm32.11.3.rel1.win32_1.1.0.202305231506/tools/bin/../lib/gcc/arm-none-eabi/11.3.1/../../../../arm-none-eabi/lib/thumb/v7e-m+fp/hard\libc_nano.a(libc_a-memset.o)
 .ARM.attributes
                0x00000000000007ec       0x34 C:/ST/STM32CubeIDE_1.13.1/STM32CubeIDE/plugins/com.st.stm32cube.ide.mcu.externaltools.gnu-tools-for-stm32.11.3.rel1.win32_1.1.0.202305231506/tools/bin/../lib/gcc/arm-none-eabi/11.3.1/../../../../arm-none-eabi/lib/thumb/v7e-m+fp/hard\libc_nano.a(libc_a-reent.o)
 .ARM.attributes
                0x0000000000000820       0x34 C:/ST/STM32CubeIDE_1.13.1/STM32CubeIDE/plugins/com.st.stm32cube.ide.mcu.externaltools.gnu-tools-for-stm32.11.3.rel1.win32_1.1.0.202305231506/tools/bin/../lib/gcc/arm-none-eabi/11.3.1/../../../../arm-none-eabi/lib/thumb/v7e-m+fp/hard\libc_nano.a(libc_a-impure.o)
 .ARM.attributes
                0x0000000000000854       0x34 C:/ST/STM32CubeIDE_1.13.1/STM32CubeIDE/plugins/com.st.stm32cube.ide.mcu.externaltools.gnu-tools-for-stm32.11.3.rel1.win32_1.1.0.202305231506/tools/bin/../lib/gcc/arm-none-eabi/11.3.1/../../../../arm-none-eabi/lib/thumb/v7e-m+fp/hard\libc_nano.a(libc_a-errno.o)
 .ARM.attributes
                0x0000000000000888       0x34 C:/ST/STM32CubeIDE_1.13.1/STM32CubeIDE/plugins/com.st.stm32cube.ide.mcu.externaltools.gnu-tools-for-stm32.11.3.rel1.win32_1.1.0.202305231506/tools/bin/../lib/gcc/arm-none-eabi/11.3.1/../../../../arm-none-eabi/lib/thumb/v7e-m+fp/hard\libc_nano.a(libc_a-init.o)
 .ARM.attributes
                0x00000000000008bc       0x34 C:/ST/STM32CubeIDE_1.13.1/STM32CubeIDE/plugins/com.st.stm32cube.ide.mcu.externaltools.gnu-tools-for-stm32.11.3.rel1.win32_1.1.0.202305231506/tools/bin/../lib/gcc/arm-none-eabi/11.3.1/../../../../arm-none-eabi/lib/thumb/v7e-m+fp/hard\libc_nano.a(libc_a-lock.o)
 .ARM.attributes
                0x00000000000008f0       0x34 C:/ST/STM32CubeIDE_1.13.1/STM32CubeIDE/plugins/com.st.stm32cube.ide.mcu.externaltools.gnu-tools-for-stm32.11.3.rel1.win32_1.1.0.202305231506/tools/bin/../lib/gcc/arm-none-eabi/11.3.1/../../../../arm-none-eabi/lib/thumb/v7e-m+fp/hard\libc_nano.a(libc_a-memcpy-stub.o)
 .ARM.attributes
                0x0000000000000924       0x34 C:/ST/STM32CubeIDE_1.13.1/STM32CubeIDE/plugins/com.st.stm32cube.ide.mcu.externaltools.gnu-tools-for-stm32.11.3.rel1.win32_1.1.0.202305231506/tools/bin/../lib/gcc/arm-none-eabi/11.3.1/../../../../arm-none-eabi/lib/thumb/v7e-m+fp/hard\libc_nano.a(libc_a-freer.o)
 .ARM.attributes
                0x0000000000000958       0x34 C:/ST/STM32CubeIDE_1.13.1/STM32CubeIDE/plugins/com.st.stm32cube.ide.mcu.externaltools.gnu-tools-for-stm32.11.3.rel1.win32_1.1.0.202305231506/tools/bin/../lib/gcc/arm-none-eabi/11.3.1/../../../../arm-none-eabi/lib/thumb/v7e-m+fp/hard\libc_nano.a(libc_a-mallocr.o)
 .ARM.attributes
                0x000000000000098c       0x34 C:/ST/STM32CubeIDE_1.13.1/STM32CubeIDE/plugins/com.st.stm32cube.ide.mcu.externaltools.gnu-tools-for-stm32.11.3.rel1.win32_1.1.0.202305231506/tools/bin/../lib/gcc/arm-none-eabi/11.3.1/../../../../arm-none-eabi/lib/thumb/v7e-m+fp/hard\libc_nano.a(libc_a-mlock.o)
 .ARM.attributes
                0x00000000000009c0       0x34 C:/ST/STM32CubeIDE_1.13.1/STM32CubeIDE/plugins/com.st.stm32cube.ide.mcu.externaltools.gnu-tools-for-stm32.11.3.rel1.win32_1.1.0.202305231506/tools/bin/../lib/gcc/arm-none-eabi/11.3.1/../../../../arm-none-eabi/lib/thumb/v7e-m+fp/hard\libc_nano.a(libc_a-nano-svfprintf.o)
 .ARM.attributes
                0x00000000000009f4       0x34 C:/ST/STM32CubeIDE_1.13.1/STM32CubeIDE/plugins/com.st.stm32cube.ide.mcu.externaltools.gnu-tools-for-stm32.11.3.rel1.win32_1.1.0.202305231506/tools/bin/../lib/gcc/arm-none-eabi/11.3.1/../../../../arm-none-eabi/lib/thumb/v7e-m+fp/hard\libc_nano.a(libc_a-nano-vfprintf_i.o)
 .ARM.attributes
                0x0000000000000a28       0x34 C:/ST/STM32CubeIDE_1.13.1/STM32CubeIDE/plugins/com.st.stm32cube.ide.mcu.externaltools.gnu-tools-for-stm32.11.3.rel1.win32_1.1.0.202305231506/tools/bin/../lib/gcc/arm-none-eabi/11.3.1/../../../../arm-none-eabi/lib/thumb/v7e-m+fp/hard\libc_nano.a(libc_a-memmove.o)
 .ARM.attributes
                0x0000000000000a5c       0x34 C:/ST/STM32CubeIDE_1.13.1/STM32CubeIDE/plugins/com.st.stm32cube.ide.mcu.externaltools.gnu-tools-for-stm32.11.3.rel1.win32_1.1.0.202305231506/tools/bin/../lib/gcc/arm-none-eabi/11.3.1/../../../../arm-none-eabi/lib/thumb/v7e-m+fp/hard\libc_nano.a(libc_a-sbrkr.o)
 .ARM.attributes
                0x0000000000000a90       0x1c C:/ST/STM32CubeIDE_1.13.1/STM32CubeIDE/plugins/com.st.stm32cube.ide.mcu.externaltools.gnu-tools-for-stm32.11.3.rel1.win32_1.1.0.202305231506/tools/bin/../lib/gcc/arm-none-eabi/11.3.1/../../../../arm-none-eabi/lib/thumb/v7e-m+fp/hard\libc_nano.a(libc_a-memchr.o)
 .ARM.attributes
                0x0000000000000aac       0x34 C:/ST/STM32CubeIDE_1.13.1/STM32CubeIDE/plugins/com.st.stm32cube.ide.mcu.externaltools.gnu-tools-for-stm32.11.3.rel1.win32_1.1.0.202305231506/tools/bin/../lib/gcc/arm-none-eabi/11.3.1/../../../../arm-none-eabi/lib/thumb/v7e-m+fp/hard\libc_nano.a(libc_a-reallocr.o)
 .ARM.attributes
                0x0000000000000ae0       0x34 C:/ST/STM32CubeIDE_1.13.1/STM32CubeIDE/plugins/com.st.stm32cube.ide.mcu.externaltools.gnu-tools-for-stm32.11.3.rel1.win32_1.1.0.202305231506/tools/bin/../lib/gcc/arm-none-eabi/11.3.1/../../../../arm-none-eabi/lib/thumb/v7e-m+fp/hard\libc_nano.a(libc_a-msizer.o)
 .ARM.attributes
                0x0000000000000b14       0x1e C:/ST/STM32CubeIDE_1.13.1/STM32CubeIDE/plugins/com.st.stm32cube.ide.mcu.externaltools.gnu-tools-for-stm32.11.3.rel1.win32_1.1.0.202305231506/tools/bin/../lib/gcc/arm-none-eabi/11.3.1/thumb/v7e-m+fp/hard/crtn.o
OUTPUT(GAME_TERIS.elf elf32-littlearm)
LOAD linker stubs
LOAD C:/ST/STM32CubeIDE_1.13.1/STM32CubeIDE/plugins/com.st.stm32cube.ide.mcu.externaltools.gnu-tools-for-stm32.11.3.rel1.win32_1.1.0.202305231506/tools/bin/../lib/gcc/arm-none-eabi/11.3.1/../../../../arm-none-eabi/lib/thumb/v7e-m+fp/hard\libc.a
LOAD C:/ST/STM32CubeIDE_1.13.1/STM32CubeIDE/plugins/com.st.stm32cube.ide.mcu.externaltools.gnu-tools-for-stm32.11.3.rel1.win32_1.1.0.202305231506/tools/bin/../lib/gcc/arm-none-eabi/11.3.1/../../../../arm-none-eabi/lib/thumb/v7e-m+fp/hard\libm.a
LOAD C:/ST/STM32CubeIDE_1.13.1/STM32CubeIDE/plugins/com.st.stm32cube.ide.mcu.externaltools.gnu-tools-for-stm32.11.3.rel1.win32_1.1.0.202305231506/tools/bin/../lib/gcc/arm-none-eabi/11.3.1/thumb/v7e-m+fp/hard\libgcc.a

.comment        0x0000000000000000       0xbe
 .comment       0x0000000000000000       0x43 C:/ST/STM32CubeIDE_1.13.1/STM32CubeIDE/plugins/com.st.stm32cube.ide.mcu.externaltools.gnu-tools-for-stm32.11.3.rel1.win32_1.1.0.202305231506/tools/bin/../lib/gcc/arm-none-eabi/11.3.1/thumb/v7e-m+fp/hard/crtbegin.o
                                         0x44 (size before relaxing)
 .comment       0x0000000000000043       0x44 ./Src/main.o
 .comment       0x0000000000000043       0x44 ./Src/sysmem.o
 .comment       0x0000000000000043       0x7b D:\20231\TTKT-Lumi\SDK_1.0.3_NUCLEO-F401RE\lib_stm\libLibraries.a(system_stm32f4xx.o)
                                         0x7c (size before relaxing)
 .comment       0x00000000000000be       0x7c D:\20231\TTKT-Lumi\SDK_1.0.3_NUCLEO-F401RE\lib_stm\libLibraries.a(misc.o)
 .comment       0x00000000000000be       0x7c D:\20231\TTKT-Lumi\SDK_1.0.3_NUCLEO-F401RE\lib_stm\libLibraries.a(stm32f401re_exti.o)
 .comment       0x00000000000000be       0x7c D:\20231\TTKT-Lumi\SDK_1.0.3_NUCLEO-F401RE\lib_stm\libLibraries.a(stm32f401re_gpio.o)
 .comment       0x00000000000000be       0x7c D:\20231\TTKT-Lumi\SDK_1.0.3_NUCLEO-F401RE\lib_stm\libLibraries.a(stm32f401re_rcc.o)
 .comment       0x00000000000000be       0x7c D:\20231\TTKT-Lumi\SDK_1.0.3_NUCLEO-F401RE\lib_stm\libLibraries.a(stm32f401re_syscfg.o)
 .comment       0x00000000000000be       0x7c D:\20231\TTKT-Lumi\SDK_1.0.3_NUCLEO-F401RE\lib_stm\libLibraries.a(timer.o)
 .comment       0x00000000000000be       0x7c D:\20231\TTKT-Lumi\SDK_1.0.3_NUCLEO-F401RE\lib_stm\libLibraries.a(lightsensor.o)
 .comment       0x00000000000000be       0x7c D:\20231\TTKT-Lumi\SDK_1.0.3_NUCLEO-F401RE\lib_stm\libLibraries.a(serial.o)
 .comment       0x00000000000000be       0x7c D:\20231\TTKT-Lumi\SDK_1.0.3_NUCLEO-F401RE\lib_stm\libLibraries.a(Ucglib.o)
 .comment       0x00000000000000be       0x7c D:\20231\TTKT-Lumi\SDK_1.0.3_NUCLEO-F401RE\lib_stm\libLibraries.a(ucg_box.o)
 .comment       0x00000000000000be       0x7c D:\20231\TTKT-Lumi\SDK_1.0.3_NUCLEO-F401RE\lib_stm\libLibraries.a(ucg_ccs.o)
 .comment       0x00000000000000be       0x7c D:\20231\TTKT-Lumi\SDK_1.0.3_NUCLEO-F401RE\lib_stm\libLibraries.a(ucg_dev_default_cb.o)
 .comment       0x00000000000000be       0x7c D:\20231\TTKT-Lumi\SDK_1.0.3_NUCLEO-F401RE\lib_stm\libLibraries.a(ucg_dev_ic_st7735.o)
 .comment       0x00000000000000be       0x7c D:\20231\TTKT-Lumi\SDK_1.0.3_NUCLEO-F401RE\lib_stm\libLibraries.a(ucg_dev_msg_api.o)
 .comment       0x00000000000000be       0x7c D:\20231\TTKT-Lumi\SDK_1.0.3_NUCLEO-F401RE\lib_stm\libLibraries.a(ucg_dev_tft_128x128_st7735.o)
 .comment       0x00000000000000be       0x7c D:\20231\TTKT-Lumi\SDK_1.0.3_NUCLEO-F401RE\lib_stm\libLibraries.a(ucg_font.o)
 .comment       0x00000000000000be       0x7c D:\20231\TTKT-Lumi\SDK_1.0.3_NUCLEO-F401RE\lib_stm\libLibraries.a(ucg_init.o)
 .comment       0x00000000000000be       0x7c D:\20231\TTKT-Lumi\SDK_1.0.3_NUCLEO-F401RE\lib_stm\libLibraries.a(ucg_line.o)
 .comment       0x00000000000000be       0x7c D:\20231\TTKT-Lumi\SDK_1.0.3_NUCLEO-F401RE\lib_stm\libLibraries.a(ucg_pixel.o)
 .comment       0x00000000000000be       0x7c D:\20231\TTKT-Lumi\SDK_1.0.3_NUCLEO-F401RE\lib_stm\libLibraries.a(ucg_pixel_font_data.o)
 .comment       0x00000000000000be       0x7c D:\20231\TTKT-Lumi\SDK_1.0.3_NUCLEO-F401RE\lib_stm\libLibraries.a(ucg_rotate.o)
 .comment       0x00000000000000be       0x7c D:\20231\TTKT-Lumi\SDK_1.0.3_NUCLEO-F401RE\lib_stm\libLibraries.a(buff.o)
 .comment       0x00000000000000be       0x7c D:\20231\TTKT-Lumi\SDK_1.0.3_NUCLEO-F401RE\lib_stm\libLibraries.a(utilities.o)
 .comment       0x00000000000000be       0x7c D:\20231\TTKT-Lumi\SDK_1.0.3_NUCLEO-F401RE\lib_stm\libLibraries.a(stm32f401re_adc.o)
 .comment       0x00000000000000be       0x7c D:\20231\TTKT-Lumi\SDK_1.0.3_NUCLEO-F401RE\lib_stm\libLibraries.a(stm32f401re_dma.o)
 .comment       0x00000000000000be       0x7c D:\20231\TTKT-Lumi\SDK_1.0.3_NUCLEO-F401RE\lib_stm\libLibraries.a(stm32f401re_usart.o)
 .comment       0x00000000000000be       0x7c D:\20231\TTKT-Lumi\SDK_1.0.3_NUCLEO-F401RE\lib_stm\libLibraries.a(ucg_clip.o)
 .comment       0x00000000000000be       0x7c D:\20231\TTKT-Lumi\SDK_1.0.3_NUCLEO-F401RE\lib_stm\libLibraries.a(ucg_com_msg_api.o)

.debug_info     0x0000000000000000    0x39305
 .debug_info    0x0000000000000000     0x1c98 ./Src/main.o
 .debug_info    0x0000000000001c98      0x168 ./Src/sysmem.o
 .debug_info    0x0000000000001e00       0x23 ./Startup/startup_stm32f401retx.o
 .debug_info    0x0000000000001e23      0x5bb D:\20231\TTKT-Lumi\SDK_1.0.3_NUCLEO-F401RE\lib_stm\libLibraries.a(system_stm32f4xx.o)
 .debug_info    0x00000000000023de      0x54b D:\20231\TTKT-Lumi\SDK_1.0.3_NUCLEO-F401RE\lib_stm\libLibraries.a(misc.o)
 .debug_info    0x0000000000002929      0x358 D:\20231\TTKT-Lumi\SDK_1.0.3_NUCLEO-F401RE\lib_stm\libLibraries.a(stm32f401re_exti.o)
 .debug_info    0x0000000000002c81      0x62b D:\20231\TTKT-Lumi\SDK_1.0.3_NUCLEO-F401RE\lib_stm\libLibraries.a(stm32f401re_gpio.o)
 .debug_info    0x00000000000032ac      0xd5e D:\20231\TTKT-Lumi\SDK_1.0.3_NUCLEO-F401RE\lib_stm\libLibraries.a(stm32f401re_rcc.o)
 .debug_info    0x000000000000400a      0x2a6 D:\20231\TTKT-Lumi\SDK_1.0.3_NUCLEO-F401RE\lib_stm\libLibraries.a(stm32f401re_syscfg.o)
 .debug_info    0x00000000000042b0      0x922 D:\20231\TTKT-Lumi\SDK_1.0.3_NUCLEO-F401RE\lib_stm\libLibraries.a(timer.o)
 .debug_info    0x0000000000004bd2      0x6ec D:\20231\TTKT-Lumi\SDK_1.0.3_NUCLEO-F401RE\lib_stm\libLibraries.a(lightsensor.o)
 .debug_info    0x00000000000052be      0xb11 D:\20231\TTKT-Lumi\SDK_1.0.3_NUCLEO-F401RE\lib_stm\libLibraries.a(serial.o)
 .debug_info    0x0000000000005dcf     0x333f D:\20231\TTKT-Lumi\SDK_1.0.3_NUCLEO-F401RE\lib_stm\libLibraries.a(Ucglib.o)
 .debug_info    0x000000000000910e     0x329d D:\20231\TTKT-Lumi\SDK_1.0.3_NUCLEO-F401RE\lib_stm\libLibraries.a(ucg_box.o)
 .debug_info    0x000000000000c3ab     0x2b08 D:\20231\TTKT-Lumi\SDK_1.0.3_NUCLEO-F401RE\lib_stm\libLibraries.a(ucg_ccs.o)
 .debug_info    0x000000000000eeb3     0x324b D:\20231\TTKT-Lumi\SDK_1.0.3_NUCLEO-F401RE\lib_stm\libLibraries.a(ucg_dev_default_cb.o)
 .debug_info    0x00000000000120fe     0x3272 D:\20231\TTKT-Lumi\SDK_1.0.3_NUCLEO-F401RE\lib_stm\libLibraries.a(ucg_dev_ic_st7735.o)
 .debug_info    0x0000000000015370     0x3178 D:\20231\TTKT-Lumi\SDK_1.0.3_NUCLEO-F401RE\lib_stm\libLibraries.a(ucg_dev_msg_api.o)
 .debug_info    0x00000000000184e8     0x303e D:\20231\TTKT-Lumi\SDK_1.0.3_NUCLEO-F401RE\lib_stm\libLibraries.a(ucg_dev_tft_128x128_st7735.o)
 .debug_info    0x000000000001b526     0x43ab D:\20231\TTKT-Lumi\SDK_1.0.3_NUCLEO-F401RE\lib_stm\libLibraries.a(ucg_font.o)
 .debug_info    0x000000000001f8d1     0x3856 D:\20231\TTKT-Lumi\SDK_1.0.3_NUCLEO-F401RE\lib_stm\libLibraries.a(ucg_init.o)
 .debug_info    0x0000000000023127     0x3222 D:\20231\TTKT-Lumi\SDK_1.0.3_NUCLEO-F401RE\lib_stm\libLibraries.a(ucg_line.o)
 .debug_info    0x0000000000026349     0x3056 D:\20231\TTKT-Lumi\SDK_1.0.3_NUCLEO-F401RE\lib_stm\libLibraries.a(ucg_pixel.o)
 .debug_info    0x000000000002939f     0x43df D:\20231\TTKT-Lumi\SDK_1.0.3_NUCLEO-F401RE\lib_stm\libLibraries.a(ucg_pixel_font_data.o)
 .debug_info    0x000000000002d77e     0x3231 D:\20231\TTKT-Lumi\SDK_1.0.3_NUCLEO-F401RE\lib_stm\libLibraries.a(ucg_rotate.o)
 .debug_info    0x00000000000309af      0x339 D:\20231\TTKT-Lumi\SDK_1.0.3_NUCLEO-F401RE\lib_stm\libLibraries.a(buff.o)
 .debug_info    0x0000000000030ce8      0x2bd D:\20231\TTKT-Lumi\SDK_1.0.3_NUCLEO-F401RE\lib_stm\libLibraries.a(utilities.o)
 .debug_info    0x0000000000030fa5      0xc5d D:\20231\TTKT-Lumi\SDK_1.0.3_NUCLEO-F401RE\lib_stm\libLibraries.a(stm32f401re_adc.o)
 .debug_info    0x0000000000031c02      0x74b D:\20231\TTKT-Lumi\SDK_1.0.3_NUCLEO-F401RE\lib_stm\libLibraries.a(stm32f401re_dma.o)
 .debug_info    0x000000000003234d      0x9d4 D:\20231\TTKT-Lumi\SDK_1.0.3_NUCLEO-F401RE\lib_stm\libLibraries.a(stm32f401re_usart.o)
 .debug_info    0x0000000000032d21     0x315a D:\20231\TTKT-Lumi\SDK_1.0.3_NUCLEO-F401RE\lib_stm\libLibraries.a(ucg_clip.o)
 .debug_info    0x0000000000035e7b     0x348a D:\20231\TTKT-Lumi\SDK_1.0.3_NUCLEO-F401RE\lib_stm\libLibraries.a(ucg_com_msg_api.o)

.debug_abbrev   0x0000000000000000     0x330d
 .debug_abbrev  0x0000000000000000      0x3b3 ./Src/main.o
 .debug_abbrev  0x00000000000003b3       0xbc ./Src/sysmem.o
 .debug_abbrev  0x000000000000046f       0x12 ./Startup/startup_stm32f401retx.o
 .debug_abbrev  0x0000000000000481      0x138 D:\20231\TTKT-Lumi\SDK_1.0.3_NUCLEO-F401RE\lib_stm\libLibraries.a(system_stm32f4xx.o)
 .debug_abbrev  0x00000000000005b9      0x177 D:\20231\TTKT-Lumi\SDK_1.0.3_NUCLEO-F401RE\lib_stm\libLibraries.a(misc.o)
 .debug_abbrev  0x0000000000000730      0x1c3 D:\20231\TTKT-Lumi\SDK_1.0.3_NUCLEO-F401RE\lib_stm\libLibraries.a(stm32f401re_exti.o)
 .debug_abbrev  0x00000000000008f3      0x1bf D:\20231\TTKT-Lumi\SDK_1.0.3_NUCLEO-F401RE\lib_stm\libLibraries.a(stm32f401re_gpio.o)
 .debug_abbrev  0x0000000000000ab2      0x1d4 D:\20231\TTKT-Lumi\SDK_1.0.3_NUCLEO-F401RE\lib_stm\libLibraries.a(stm32f401re_rcc.o)
 .debug_abbrev  0x0000000000000c86      0x14b D:\20231\TTKT-Lumi\SDK_1.0.3_NUCLEO-F401RE\lib_stm\libLibraries.a(stm32f401re_syscfg.o)
 .debug_abbrev  0x0000000000000dd1      0x29a D:\20231\TTKT-Lumi\SDK_1.0.3_NUCLEO-F401RE\lib_stm\libLibraries.a(timer.o)
 .debug_abbrev  0x000000000000106b      0x183 D:\20231\TTKT-Lumi\SDK_1.0.3_NUCLEO-F401RE\lib_stm\libLibraries.a(lightsensor.o)
 .debug_abbrev  0x00000000000011ee      0x2ba D:\20231\TTKT-Lumi\SDK_1.0.3_NUCLEO-F401RE\lib_stm\libLibraries.a(serial.o)
 .debug_abbrev  0x00000000000014a8      0x202 D:\20231\TTKT-Lumi\SDK_1.0.3_NUCLEO-F401RE\lib_stm\libLibraries.a(Ucglib.o)
 .debug_abbrev  0x00000000000016aa      0x18b D:\20231\TTKT-Lumi\SDK_1.0.3_NUCLEO-F401RE\lib_stm\libLibraries.a(ucg_box.o)
 .debug_abbrev  0x0000000000001835       0xf5 D:\20231\TTKT-Lumi\SDK_1.0.3_NUCLEO-F401RE\lib_stm\libLibraries.a(ucg_ccs.o)
 .debug_abbrev  0x000000000000192a      0x19e D:\20231\TTKT-Lumi\SDK_1.0.3_NUCLEO-F401RE\lib_stm\libLibraries.a(ucg_dev_default_cb.o)
 .debug_abbrev  0x0000000000001ac8      0x1dc D:\20231\TTKT-Lumi\SDK_1.0.3_NUCLEO-F401RE\lib_stm\libLibraries.a(ucg_dev_ic_st7735.o)
 .debug_abbrev  0x0000000000001ca4      0x191 D:\20231\TTKT-Lumi\SDK_1.0.3_NUCLEO-F401RE\lib_stm\libLibraries.a(ucg_dev_msg_api.o)
 .debug_abbrev  0x0000000000001e35      0x14e D:\20231\TTKT-Lumi\SDK_1.0.3_NUCLEO-F401RE\lib_stm\libLibraries.a(ucg_dev_tft_128x128_st7735.o)
 .debug_abbrev  0x0000000000001f83      0x2fc D:\20231\TTKT-Lumi\SDK_1.0.3_NUCLEO-F401RE\lib_stm\libLibraries.a(ucg_font.o)
 .debug_abbrev  0x000000000000227f      0x1c6 D:\20231\TTKT-Lumi\SDK_1.0.3_NUCLEO-F401RE\lib_stm\libLibraries.a(ucg_init.o)
 .debug_abbrev  0x0000000000002445      0x175 D:\20231\TTKT-Lumi\SDK_1.0.3_NUCLEO-F401RE\lib_stm\libLibraries.a(ucg_line.o)
 .debug_abbrev  0x00000000000025ba      0x148 D:\20231\TTKT-Lumi\SDK_1.0.3_NUCLEO-F401RE\lib_stm\libLibraries.a(ucg_pixel.o)
 .debug_abbrev  0x0000000000002702       0x83 D:\20231\TTKT-Lumi\SDK_1.0.3_NUCLEO-F401RE\lib_stm\libLibraries.a(ucg_pixel_font_data.o)
 .debug_abbrev  0x0000000000002785      0x1a3 D:\20231\TTKT-Lumi\SDK_1.0.3_NUCLEO-F401RE\lib_stm\libLibraries.a(ucg_rotate.o)
 .debug_abbrev  0x0000000000002928      0x12a D:\20231\TTKT-Lumi\SDK_1.0.3_NUCLEO-F401RE\lib_stm\libLibraries.a(buff.o)
 .debug_abbrev  0x0000000000002a52       0xce D:\20231\TTKT-Lumi\SDK_1.0.3_NUCLEO-F401RE\lib_stm\libLibraries.a(utilities.o)
 .debug_abbrev  0x0000000000002b20      0x194 D:\20231\TTKT-Lumi\SDK_1.0.3_NUCLEO-F401RE\lib_stm\libLibraries.a(stm32f401re_adc.o)
 .debug_abbrev  0x0000000000002cb4      0x16d D:\20231\TTKT-Lumi\SDK_1.0.3_NUCLEO-F401RE\lib_stm\libLibraries.a(stm32f401re_dma.o)
 .debug_abbrev  0x0000000000002e21      0x187 D:\20231\TTKT-Lumi\SDK_1.0.3_NUCLEO-F401RE\lib_stm\libLibraries.a(stm32f401re_usart.o)
 .debug_abbrev  0x0000000000002fa8      0x173 D:\20231\TTKT-Lumi\SDK_1.0.3_NUCLEO-F401RE\lib_stm\libLibraries.a(ucg_clip.o)
 .debug_abbrev  0x000000000000311b      0x1f2 D:\20231\TTKT-Lumi\SDK_1.0.3_NUCLEO-F401RE\lib_stm\libLibraries.a(ucg_com_msg_api.o)

.debug_aranges  0x0000000000000000      0xe60
 .debug_aranges
                0x0000000000000000       0xf0 ./Src/main.o
 .debug_aranges
                0x00000000000000f0       0x20 ./Src/sysmem.o
 .debug_aranges
                0x0000000000000110       0x28 ./Startup/startup_stm32f401retx.o
 .debug_aranges
                0x0000000000000138       0x30 D:\20231\TTKT-Lumi\SDK_1.0.3_NUCLEO-F401RE\lib_stm\libLibraries.a(system_stm32f4xx.o)
 .debug_aranges
                0x0000000000000168       0x40 D:\20231\TTKT-Lumi\SDK_1.0.3_NUCLEO-F401RE\lib_stm\libLibraries.a(misc.o)
 .debug_aranges
                0x00000000000001a8       0x58 D:\20231\TTKT-Lumi\SDK_1.0.3_NUCLEO-F401RE\lib_stm\libLibraries.a(stm32f401re_exti.o)
 .debug_aranges
                0x0000000000000200       0x88 D:\20231\TTKT-Lumi\SDK_1.0.3_NUCLEO-F401RE\lib_stm\libLibraries.a(stm32f401re_gpio.o)
 .debug_aranges
                0x0000000000000288      0x198 D:\20231\TTKT-Lumi\SDK_1.0.3_NUCLEO-F401RE\lib_stm\libLibraries.a(stm32f401re_rcc.o)
 .debug_aranges
                0x0000000000000420       0x50 D:\20231\TTKT-Lumi\SDK_1.0.3_NUCLEO-F401RE\lib_stm\libLibraries.a(stm32f401re_syscfg.o)
 .debug_aranges
                0x0000000000000470       0x70 D:\20231\TTKT-Lumi\SDK_1.0.3_NUCLEO-F401RE\lib_stm\libLibraries.a(timer.o)
 .debug_aranges
                0x00000000000004e0       0x38 D:\20231\TTKT-Lumi\SDK_1.0.3_NUCLEO-F401RE\lib_stm\libLibraries.a(lightsensor.o)
 .debug_aranges
                0x0000000000000518       0x80 D:\20231\TTKT-Lumi\SDK_1.0.3_NUCLEO-F401RE\lib_stm\libLibraries.a(serial.o)
 .debug_aranges
                0x0000000000000598       0x48 D:\20231\TTKT-Lumi\SDK_1.0.3_NUCLEO-F401RE\lib_stm\libLibraries.a(Ucglib.o)
 .debug_aranges
                0x00000000000005e0       0x48 D:\20231\TTKT-Lumi\SDK_1.0.3_NUCLEO-F401RE\lib_stm\libLibraries.a(ucg_box.o)
 .debug_aranges
                0x0000000000000628       0x30 D:\20231\TTKT-Lumi\SDK_1.0.3_NUCLEO-F401RE\lib_stm\libLibraries.a(ucg_ccs.o)
 .debug_aranges
                0x0000000000000658       0x48 D:\20231\TTKT-Lumi\SDK_1.0.3_NUCLEO-F401RE\lib_stm\libLibraries.a(ucg_dev_default_cb.o)
 .debug_aranges
                0x00000000000006a0       0x40 D:\20231\TTKT-Lumi\SDK_1.0.3_NUCLEO-F401RE\lib_stm\libLibraries.a(ucg_dev_ic_st7735.o)
 .debug_aranges
                0x00000000000006e0       0x60 D:\20231\TTKT-Lumi\SDK_1.0.3_NUCLEO-F401RE\lib_stm\libLibraries.a(ucg_dev_msg_api.o)
 .debug_aranges
                0x0000000000000740       0x20 D:\20231\TTKT-Lumi\SDK_1.0.3_NUCLEO-F401RE\lib_stm\libLibraries.a(ucg_dev_tft_128x128_st7735.o)
 .debug_aranges
                0x0000000000000760      0x168 D:\20231\TTKT-Lumi\SDK_1.0.3_NUCLEO-F401RE\lib_stm\libLibraries.a(ucg_font.o)
 .debug_aranges
                0x00000000000008c8       0x28 D:\20231\TTKT-Lumi\SDK_1.0.3_NUCLEO-F401RE\lib_stm\libLibraries.a(ucg_init.o)
 .debug_aranges
                0x00000000000008f0       0x48 D:\20231\TTKT-Lumi\SDK_1.0.3_NUCLEO-F401RE\lib_stm\libLibraries.a(ucg_line.o)
 .debug_aranges
                0x0000000000000938       0x28 D:\20231\TTKT-Lumi\SDK_1.0.3_NUCLEO-F401RE\lib_stm\libLibraries.a(ucg_pixel.o)
 .debug_aranges
                0x0000000000000960       0x18 D:\20231\TTKT-Lumi\SDK_1.0.3_NUCLEO-F401RE\lib_stm\libLibraries.a(ucg_pixel_font_data.o)
 .debug_aranges
                0x0000000000000978       0x68 D:\20231\TTKT-Lumi\SDK_1.0.3_NUCLEO-F401RE\lib_stm\libLibraries.a(ucg_rotate.o)
 .debug_aranges
                0x00000000000009e0       0x50 D:\20231\TTKT-Lumi\SDK_1.0.3_NUCLEO-F401RE\lib_stm\libLibraries.a(buff.o)
 .debug_aranges
                0x0000000000000a30       0x48 D:\20231\TTKT-Lumi\SDK_1.0.3_NUCLEO-F401RE\lib_stm\libLibraries.a(utilities.o)
 .debug_aranges