../Src/main.c:250:13:initB1ButtonInterrupt	32	static
../Src/main.c:290:13:initB2ButtonInterrupt	32	static
../Src/main.c:329:13:initB3ButtonInterrupt	32	static
../Src/main.c:368:13:initB4ButtonInterrupt	32	static
../Src/main.c:407:6:loadConfiguration	16	static
../Src/main.c:419:6:initScreen	16	static
../Src/main.c:445:6:chooseBlock	16	static
../Src/main.c:459:6:initializeCurrentBlock	16	static
../Src/main.c:473:6:drawBlockOnScreen	48	static
../Src/main.c:494:6:eraseBlockOnScreen	48	static
../Src/main.c:515:5:checkForCollisions	40	static
../Src/main.c:540:6:fixBlockOnScreen	40	static
../Src/main.c:558:6:updateScore	16	static
../Src/main.c:571:6:handleFullRows	72	static
../Src/main.c:639:6:checkForGameOver	24	static
../Src/main.c:655:6:handleFallingBlock	32	static
../Src/main.c:696:6:startFallingBlockTimer	24	static
../Src/main.c:712:5:CalculateBlockMaxWidth	32	static
../Src/main.c:735:5:calculateBlockWidth	32	static
../Src/main.c:759:6:rotateCurrentBlock	176	static
../Src/main.c:865:6:EXTI3_IRQHandler	8	static
../Src/main.c:884:6:EXTI0_IRQHandler	8	static
../Src/main.c:901:6:EXTI4_IRQHandler	8	static
../Src/main.c:917:6:EXTI9_5_IRQHandler	8	static
../Src/main.c:932:13:initializeApplication	16	static
../Src/main.c:966:5:main	8	static
